Component: ARM Compiler 5.06 update 6 (build 750) Tool: armlink [4d35ed]

==============================================================================

Section Cross References

    main.o(i.main) refers to misc.o(i.NVIC_PriorityGroupConfig) for NVIC_PriorityGroupConfig
    main.o(i.main) refers to delay.o(i.delay_init) for delay_init
    main.o(i.main) refers to usart.o(i.uart_init) for uart_init
    main.o(i.main) refers to led.o(i.LED_Init) for LED_Init
    main.o(i.main) refers to exti.o(i.EXTIX_Init) for EXTIX_Init
    main.o(i.main) refers to mlx90614.o(i.SMBus_Init) for SMBus_Init
    main.o(i.main) refers to oled.o(i.OLED_Init) for OLED_Init
    main.o(i.main) refers to oled.o(i.OLED_Clear) for OLED_Clear
    main.o(i.main) refers to max30102.o(i.MAX30102_init) for MAX30102_init
    main.o(i.main) refers to key.o(i.KEY_Init) for KEY_Init
    main.o(i.main) refers to user.o(i.dispaly_1) for dispaly_1
    main.o(i.main) refers to blood.o(i.blood_Loop) for blood_Loop
    main.o(i.main) refers to delay.o(i.delay_ms) for delay_ms
    main.o(i.main) refers to exti.o(.data) for key_static
    system_stm32f10x.o(i.SetSysClock) refers to system_stm32f10x.o(i.SetSysClockTo72) for SetSysClockTo72
    system_stm32f10x.o(i.SystemCoreClockUpdate) refers to system_stm32f10x.o(.data) for SystemCoreClock
    system_stm32f10x.o(i.SystemInit) refers to system_stm32f10x.o(i.SetSysClock) for SetSysClock
    led.o(i.LED_Init) refers to stm32f10x_rcc.o(i.RCC_APB2PeriphClockCmd) for RCC_APB2PeriphClockCmd
    led.o(i.LED_Init) refers to stm32f10x_gpio.o(i.GPIO_Init) for GPIO_Init
    led.o(i.LED_Init) refers to stm32f10x_gpio.o(i.GPIO_SetBits) for GPIO_SetBits
    mlx90614.o(i.SMBus_Init) refers to stm32f10x_rcc.o(i.RCC_APB2PeriphClockCmd) for RCC_APB2PeriphClockCmd
    mlx90614.o(i.SMBus_Init) refers to stm32f10x_gpio.o(i.GPIO_Init) for GPIO_Init
    mlx90614.o(i.SMBus_ReadMemory) refers to mlx90614.o(i.SMBus_StopBit) for SMBus_StopBit
    mlx90614.o(i.SMBus_ReadMemory) refers to mlx90614.o(i.SMBus_StartBit) for SMBus_StartBit
    mlx90614.o(i.SMBus_ReadMemory) refers to mlx90614.o(i.SMBus_SendByte) for SMBus_SendByte
    mlx90614.o(i.SMBus_ReadMemory) refers to mlx90614.o(i.SMBus_ReceiveByte) for SMBus_ReceiveByte
    mlx90614.o(i.SMBus_ReadMemory) refers to mlx90614.o(i.PEC_Calculation) for PEC_Calculation
    mlx90614.o(i.SMBus_ReadTemp) refers to mlx90614.o(i.SMBus_ReadMemory) for SMBus_ReadMemory
    mlx90614.o(i.SMBus_ReadTemp) refers to dflt_clz.o(x$fpl$dfltu) for __aeabi_ui2d
    mlx90614.o(i.SMBus_ReadTemp) refers to dmul.o(x$fpl$dmul) for __aeabi_dmul
    mlx90614.o(i.SMBus_ReadTemp) refers to daddsub_clz.o(x$fpl$dsub) for __aeabi_dsub
    mlx90614.o(i.SMBus_ReadTemp) refers to d2f.o(x$fpl$d2f) for __aeabi_d2f
    mlx90614.o(i.SMBus_ReadTemp) refers to faddsub_clz.o(x$fpl$fadd) for __aeabi_fadd
    mlx90614.o(i.SMBus_ReadTemp) refers to fdiv.o(x$fpl$fdiv) for __aeabi_fdiv
    mlx90614.o(i.SMBus_ReceiveBit) refers to mlx90614.o(i.SMBus_Delay) for SMBus_Delay
    mlx90614.o(i.SMBus_ReceiveByte) refers to mlx90614.o(i.SMBus_ReceiveBit) for SMBus_ReceiveBit
    mlx90614.o(i.SMBus_ReceiveByte) refers to mlx90614.o(i.SMBus_SendBit) for SMBus_SendBit
    mlx90614.o(i.SMBus_SendBit) refers to mlx90614.o(i.SMBus_Delay) for SMBus_Delay
    mlx90614.o(i.SMBus_SendByte) refers to mlx90614.o(i.SMBus_SendBit) for SMBus_SendBit
    mlx90614.o(i.SMBus_SendByte) refers to mlx90614.o(i.SMBus_ReceiveBit) for SMBus_ReceiveBit
    mlx90614.o(i.SMBus_StartBit) refers to mlx90614.o(i.SMBus_Delay) for SMBus_Delay
    mlx90614.o(i.SMBus_StopBit) refers to mlx90614.o(i.SMBus_Delay) for SMBus_Delay
    oled.o(i.Display_advance) refers to oled.o(i.OLED_Show_Pos) for OLED_Show_Pos
    oled.o(i.GUI_DrawFont16) refers to strlen.o(.text) for strlen
    oled.o(i.GUI_DrawFont16) refers to oled.o(i.OLED_Set_Pos) for OLED_Set_Pos
    oled.o(i.GUI_DrawFont16) refers to oled.o(i.OLED_WR_Byte) for OLED_WR_Byte
    oled.o(i.GUI_DrawFont16) refers to oled.o(.constdata) for tfont16
    oled.o(i.Moving_progress_bar) refers to dflt_clz.o(x$fpl$dfltu) for __aeabi_ui2d
    oled.o(i.Moving_progress_bar) refers to ddiv.o(x$fpl$ddiv) for __aeabi_ddiv
    oled.o(i.Moving_progress_bar) refers to dmul.o(x$fpl$dmul) for __aeabi_dmul
    oled.o(i.Moving_progress_bar) refers to dfixu.o(x$fpl$dfixu) for __aeabi_d2uiz
    oled.o(i.Moving_progress_bar) refers to oled.o(i.OLED_ShowNumber) for OLED_ShowNumber
    oled.o(i.Moving_progress_bar) refers to oled.o(i.OLED_ShowString) for OLED_ShowString
    oled.o(i.Moving_progress_bar) refers to oled.o(i.OLED_Show_Pos) for OLED_Show_Pos
    oled.o(i.Moving_progress_bar) refers to oled.o(.data) for x
    oled.o(i.OLED_Clear) refers to oled.o(i.OLED_WR_Byte) for OLED_WR_Byte
    oled.o(i.OLED_Display_Off) refers to oled.o(i.OLED_WR_Byte) for OLED_WR_Byte
    oled.o(i.OLED_Display_On) refers to oled.o(i.OLED_WR_Byte) for OLED_WR_Byte
    oled.o(i.OLED_DrawBMP) refers to oled.o(i.OLED_Set_Pos) for OLED_Set_Pos
[...]
    ../fplib/f2d.s                           0x00000000   Number         0  f2d.o ABSOLUTE
    ../fplib/faddsub.s                       0x00000000   Number         0  faddsub_clz.o ABSOLUTE
    ../fplib/fcmpi.s                         0x00000000   Number         0  fcmpi.o ABSOLUTE
    ../fplib/fdiv.s                          0x00000000   Number         0  fdiv.o ABSOLUTE
    ../fplib/ffix.s                          0x00000000   Number         0  ffix.o ABSOLUTE
    ../fplib/fflt.s                          0x00000000   Number         0  fflt_clz.o ABSOLUTE
    ../fplib/fleqf.s                         0x00000000   Number         0  fleqf.o ABSOLUTE
    ../fplib/fmul.s                          0x00000000   Number         0  fmul.o ABSOLUTE
    ../fplib/fnaninf.s                       0x00000000   Number         0  fnaninf.o ABSOLUTE
    ../fplib/fpinit.s                        0x00000000   Number         0  fpinit.o ABSOLUTE
    ../fplib/fretinf.s                       0x00000000   Number         0  fretinf.o ABSOLUTE
    ../fplib/frleqf.s                        0x00000000   Number         0  frleqf.o ABSOLUTE
    ../fplib/fsqrt.s                         0x00000000   Number         0  fsqrt.o ABSOLUTE
    ../fplib/usenofp.s                       0x00000000   Number         0  usenofp.o ABSOLUTE
    ../mathlib/sqrtf.c                       0x00000000   Number         0  sqrtf.o ABSOLUTE
    ../mathlib/sqrtf.c                       0x00000000   Number         0  sqrtf_x.o ABSOLUTE
    ..\CORE\core_cm3.c                       0x00000000   Number         0  core_cm3.o ABSOLUTE
    ..\CORE\startup_stm32f10x_hd.s           0x00000000   Number         0  startup_stm32f10x_hd.o ABSOLUTE
    ..\HARDWARE\EXTI\exti.c                  0x00000000   Number         0  exti.o ABSOLUTE
    ..\HARDWARE\KEY\key.c                    0x00000000   Number         0  key.o ABSOLUTE
    ..\HARDWARE\LED\led.c                    0x00000000   Number         0  led.o ABSOLUTE
    ..\HARDWARE\MAX30102\algorithm.c         0x00000000   Number         0  algorithm.o ABSOLUTE
    ..\HARDWARE\MAX30102\blood.c             0x00000000   Number         0  blood.o ABSOLUTE
    ..\HARDWARE\MAX30102\max30102.c          0x00000000   Number         0  max30102.o ABSOLUTE
    ..\HARDWARE\MLX90614\mlx90614.c          0x00000000   Number         0  mlx90614.o ABSOLUTE
    ..\HARDWARE\OLED\oled.c                  0x00000000   Number         0  oled.o ABSOLUTE
    ..\HARDWARE\USER\user.c                  0x00000000   Number         0  user.o ABSOLUTE
    ..\STM32F10x_FWLib\src\misc.c            0x00000000   Number         0  misc.o ABSOLUTE
    ..\STM32F10x_FWLib\src\stm32f10x_adc.c   0x00000000   Number         0  stm32f10x_adc.o ABSOLUTE
    ..\STM32F10x_FWLib\src\stm32f10x_bkp.c   0x00000000   Number         0  stm32f10x_bkp.o ABSOLUTE
    ..\STM32F10x_FWLib\src\stm32f10x_can.c   0x00000000   Number         0  stm32f10x_can.o ABSOLUTE
    ..\STM32F10x_FWLib\src\stm32f10x_cec.c   0x00000000   Number         0  stm32f10x_cec.o ABSOLUTE
    ..\STM32F10x_FWLib\src\stm32f10x_crc.c   0x00000000   Number         0  stm32f10x_crc.o ABSOLUTE
    ..\STM32F10x_FWLib\src\stm32f10x_dac.c   0x00000000   Number         0  stm32f10x_dac.o ABSOLUTE
    ..\STM32F10x_FWLib\src\stm32f10x_dbgmcu.c 0x00000000   Number         0  stm32f10x_dbgmcu.o ABSOLUTE
    ..\STM32F10x_FWLib\src\stm32f10x_dma.c   0x00000000   Number         0  stm32f10x_dma.o ABSOLUTE
    ..\STM32F10x_FWLib\src\stm32f10x_exti.c  0x00000000   Number         0  stm32f10x_exti.o ABSOLUTE
    ..\STM32F10x_FWLib\src\stm32f10x_flash.c 0x00000000   Number         0  stm32f10x_flash.o ABSOLUTE
    ..\STM32F10x_FWLib\src\stm32f10x_fsmc.c  0x00000000   Number         0  stm32f10x_fsmc.o ABSOLUTE
    ..\STM32F10x_FWLib\src\stm32f10x_gpio.c  0x00000000   Number         0  stm32f10x_gpio.o ABSOLUTE
    ..\STM32F10x_FWLib\src\stm32f10x_i2c.c   0x00000000   Number         0  stm32f10x_i2c.o ABSOLUTE
    ..\STM32F10x_FWLib\src\stm32f10x_iwdg.c  0x00000000   Number         0  stm32f10x_iwdg.o ABSOLUTE
    ..\STM32F10x_FWLib\src\stm32f10x_pwr.c   0x00000000   Number         0  stm32f10x_pwr.o ABSOLUTE
    ..\STM32F10x_FWLib\src\stm32f10x_rcc.c   0x00000000   Number         0  stm32f10x_rcc.o ABSOLUTE
    ..\STM32F10x_FWLib\src\stm32f10x_rtc.c   0x00000000   Number         0  stm32f10x_rtc.o ABSOLUTE
    ..\STM32F10x_FWLib\src\stm32f10x_sdio.c  0x00000000   Number         0  stm32f10x_sdio.o ABSOLUTE
    ..\STM32F10x_FWLib\src\stm32f10x_spi.c   0x00000000   Number         0  stm32f10x_spi.o ABSOLUTE
    ..\STM32F10x_FWLib\src\stm32f10x_tim.c   0x00000000   Number         0  stm32f10x_tim.o ABSOLUTE
    ..\STM32F10x_FWLib\src\stm32f10x_usart.c 0x00000000   Number         0  stm32f10x_usart.o ABSOLUTE
    ..\STM32F10x_FWLib\src\stm32f10x_wwdg.c  0x00000000   Number         0  stm32f10x_wwdg.o ABSOLUTE
    ..\SYSTEM\delay\delay.c                  0x00000000   Number         0  delay.o ABSOLUTE
    ..\SYSTEM\sys\sys.c                      0x00000000   Number         0  sys.o ABSOLUTE
    ..\SYSTEM\usart\usart.c                  0x00000000   Number         0  usart.o ABSOLUTE
    ..\\CORE\\core_cm3.c                     0x00000000   Number         0  core_cm3.o ABSOLUTE
    ..\\SYSTEM\\sys\\sys.c                   0x00000000   Number         0  sys.o ABSOLUTE
    dc.s                                     0x00000000   Number         0  dc.o ABSOLUTE
    main.c                                   0x00000000   Number         0  main.o ABSOLUTE
    stm32f10x_it.c                           0x00000000   Number         0  stm32f10x_it.o ABSOLUTE
    system_stm32f10x.c                       0x00000000   Number         0  system_stm32f10x.o ABSOLUTE
    RESET                                    0x08000000   Section      304  startup_stm32f10x_hd.o(RESET)
    !!!main                                  0x08000130   Section        8  __main.o(!!!main)
    !!!scatter                               0x08000138   Section       52  __scatter.o(!!!scatter)
    !!handler_copy                           0x0800016c   Section       26  __scatter_copy.o(!!handler_copy)
    !!handler_zi                             0x08000188   Section       28  __scatter_zi.o(!!handler_zi)
    .ARM.Collect$$_printf_percent$$00000000  0x080001a4   Section        0  _printf_percent.o(.ARM.Collect$$_printf_percent$$00000000)
    .ARM.Collect$$_printf_percent$$00000009  0x080001a4   Section        6  _printf_d.o(.ARM.Collect$$_printf_percent$$00000009)
    .ARM.Collect$$_printf_percent$$00000017  0x080001aa   Section        4  _printf_percent_end.o(.ARM.Collect$$_printf_percent$$00000017)
    .ARM.Collect$$libinit$$00000000          0x080001ae   Section        2  libinit.o(.ARM.Collect$$libinit$$00000000)
    .ARM.Collect$$libinit$$00000002          0x080001b0   Section        0  libinit2.o(.ARM.Collect$$libinit$$00000002)
    .ARM.Collect$$libinit$$00000004          0x080001b0   Section        0  libinit2.o(.ARM.Collect$$libinit$$00000004)
    .ARM.Collect$$libinit$$0000000A          0x080001b0   Section        0  libinit2.o(.ARM.Collect$$libinit$$0000000A)
    .ARM.Collect$$libinit$$0000000C          0x080001b0   Section        0  libinit2.o(.ARM.Collect$$libinit$$0000000C)
    .ARM.Collect$$libinit$$0000000E          0x080001b0   Section        0  libinit2.o(.ARM.Collect$$libinit$$0000000E)
    .ARM.Collect$$libinit$$00000011          0x080001b0   Section        0  libinit2.o(.ARM.Collect$$libinit$$00000011)
    .ARM.Collect$$libinit$$00000013          0x080001b0   Section        0  libinit2.o(.ARM.Collect$$libinit$$00000013)
    .ARM.Collect$$libinit$$00000015          0x080001b0   Section        0  libinit2.o(.ARM.Collect$$libinit$$00000015)
    .ARM.Collect$$libinit$$00000017          0x080001b0   Section        0  libinit2.o(.ARM.Collect$$libinit$$00000017)
    .ARM.Collect$$libinit$$00000019          0x080001b0   Section        0  libinit2.o(.ARM.Collect$$libinit$$00000019)
    .ARM.Collect$$libinit$$0000001B          0x080001b0   Section        0  libinit2.o(.ARM.Collect$$libinit$$0000001B)
    .ARM.Collect$$libinit$$0000001D          0x080001b0   Section        0  libinit2.o(.ARM.Collect$$libinit$$0000001D)
    .ARM.Collect$$libinit$$0000001F          0x080001b0   Section        0  libinit2.o(.ARM.Collect$$libinit$$0000001F)
    .ARM.Collect$$libinit$$00000021          0x080001b0   Section        0  libinit2.o(.ARM.Collect$$libinit$$00000021)
    .ARM.Collect$$libinit$$00000023          0x080001b0   Section        0  libinit2.o(.ARM.Collect$$libinit$$00000023)
    .ARM.Collect$$libinit$$00000025          0x080001b0   Section        0  libinit2.o(.ARM.Collect$$libinit$$00000025)
    .ARM.Collect$$libinit$$0000002C          0x080001b0   Section        0  libinit2.o(.ARM.Collect$$libinit$$0000002C)
    .ARM.Collect$$libinit$$0000002E          0x080001b0   Section        0  libinit2.o(.ARM.Collect$$libinit$$0000002E)
    .ARM.Collect$$libinit$$00000030          0x080001b0   Section        0  libinit2.o(.ARM.Collect$$libinit$$00000030)
    .ARM.Collect$$libinit$$00000032          0x080001b0   Section        0  libinit2.o(.ARM.Collect$$libinit$$00000032)
    .ARM.Collect$$libinit$$00000033          0x080001b0   Section        2  libinit2.o(.ARM.Collect$$libinit$$00000033)
    .ARM.Collect$$libshutdown$$00000000      0x080001b2   Section        2  libshutdown.o(.ARM.Collect$$libshutdown$$00000000)
    .ARM.Collect$$libshutdown$$00000002      0x080001b4   Section        0  libshutdown2.o(.ARM.Collect$$libshutdown$$00000002)
    .ARM.Collect$$libshutdown$$00000004      0x080001b4   Section        0  libshutdown2.o(.ARM.Collect$$libshutdown$$00000004)
    .ARM.Collect$$libshutdown$$00000007      0x080001b4   Section        0  libshutdown2.o(.ARM.Collect$$libshutdown$$00000007)
    .ARM.Collect$$libshutdown$$0000000A      0x080001b4   Section        0  libshutdown2.o(.ARM.Collect$$libshutdown$$0000000A)
    .ARM.Collect$$libshutdown$$0000000C      0x080001b4   Section        0  libshutdown2.o(.ARM.Collect$$libshutdown$$0000000C)
    .ARM.Collect$$libshutdown$$0000000F      0x080001b4   Section        0  libshutdown2.o(.ARM.Collect$$libshutdown$$0000000F)
    .ARM.Collect$$libshutdown$$00000010      0x080001b4   Section        2  libshutdown2.o(.ARM.Collect$$libshutdown$$00000010)
    .ARM.Collect$$rtentry$$00000000          0x080001b6   Section        0  __rtentry.o(.ARM.Collect$$rtentry$$00000000)
    .ARM.Collect$$rtentry$$00000002          0x080001b6   Section        0  __rtentry2.o(.ARM.Collect$$rtentry$$00000002)
    .ARM.Collect$$rtentry$$00000004          0x080001b6   Section        6  __rtentry4.o(.ARM.Collect$$rtentry$$00000004)
    .ARM.Collect$$rtentry$$00000009          0x080001bc   Section        0  __rtentry2.o(.ARM.Collect$$rtentry$$00000009)
    .ARM.Collect$$rtentry$$0000000A          0x080001bc   Section        4  __rtentry2.o(.ARM.Collect$$rtentry$$0000000A)
    .ARM.Collect$$rtentry$$0000000C          0x080001c0   Section        0  __rtentry2.o(.ARM.Collect$$rtentry$$0000000C)
    .ARM.Collect$$rtentry$$0000000D          0x080001c0   Section        8  __rtentry2.o(.ARM.Collect$$rtentry$$0000000D)
    .ARM.Collect$$rtexit$$00000000           0x080001c8   Section        2  rtexit.o(.ARM.Collect$$rtexit$$00000000)
    .ARM.Collect$$rtexit$$00000002           0x080001ca   Section        0  rtexit2.o(.ARM.Collect$$rtexit$$00000002)
    .ARM.Collect$$rtexit$$00000003           0x080001ca   Section        4  rtexit2.o(.ARM.Collect$$rtexit$$00000003)
    .ARM.Collect$$rtexit$$00000004           0x080001ce   Section        6  rtexit2.o(.ARM.Collect$$rtexit$$00000004)
    .text                                    0x080001d4   Section       64  startup_stm32f10x_hd.o(.text)
    .text                                    0x08000214   Section        2  use_no_semi_2.o(.text)
    .text                                    0x08000218   Section        0  noretval__2printf.o(.text)
    .text                                    0x08000230   Section        0  _printf_pad.o(.text)
    .text                                    0x08000280   Section        0  _printf_dec.o(.text)
    .text                                    0x080002f8   Section        0  __printf_wp.o(.text)
    .text                                    0x08000406   Section        0  strlen.o(.text)
    .text                                    0x08000444   Section        0  heapauxi.o(.text)
    .text                                    0x0800044a   Section        2  use_no_semi.o(.text)
    .text                                    0x0800044c   Section        0  _rserrno.o(.text)
    .text                                    0x08000462   Section        0  _printf_intcommon.o(.text)
    .text                                    0x08000514   Section        0  _printf_char_file.o(.text)
    .text                                    0x08000538   Section        8  rt_errno_addr_intlibspace.o(.text)
    .text                                    0x08000540   Section        0  _printf_char_common.o(.text)
    _printf_input_char                       0x08000541   Thumb Code    10  _printf_char_common.o(.text)
    .text                                    0x08000570   Section        0  ferror.o(.text)
    .text                                    0x08000578   Section        8  libspace.o(.text)
    .text                                    0x08000580   Section       74  sys_stackheap_outer.o(.text)
    .text                                    0x080005ca   Section        0  exit.o(.text)
    i.BusFault_Handler                       0x080005dc   Section        0  stm32f10x_it.o(i.BusFault_Handler)
    i.DebugMon_Handler                       0x080005e0   Section        0  stm32f10x_it.o(i.DebugMon_Handler)
    i.EE                                     0x080005e2   Section        0  algorithm.o(i.EE)
    i.EXTI4_IRQHandler                       0x08000630   Section        0  exti.o(i.EXTI4_IRQHandler)
    i.EXTI9_5_IRQHandler                     0x08000658   Section        0  exti.o(i.EXTI9_5_IRQHandler)
    i.EXTIX_Init                             0x0800068c   Section        0  exti.o(i.EXTIX_Init)
    i.EXTI_ClearITPendingBit                 0x0800070c   Section        0  stm32f10x_exti.o(i.EXTI_ClearITPendingBit)
    i.EXTI_Init                              0x08000718   Section        0  stm32f10x_exti.o(i.EXTI_Init)
    i.FFT                                    0x080007ac   Section        0  algorithm.o(i.FFT)
    i.GPIO_EXTILineConfig                    0x08000938   Section        0  stm32f10x_gpio.o(i.GPIO_EXTILineConfig)
    i.GPIO_Init                              0x08000978   Section        0  stm32f10x_gpio.o(i.GPIO_Init)
    i.GPIO_PinRemapConfig                    0x08000a90   Section        0  stm32f10x_gpio.o(i.GPIO_PinRemapConfig)
    i.GPIO_ReadInputDataBit                  0x08000b20   Section        0  stm32f10x_gpio.o(i.GPIO_ReadInputDataBit)
    i.GPIO_ResetBits                         0x08000b32   Section        0  stm32f10x_gpio.o(i.GPIO_ResetBits)
    i.GPIO_SetBits                           0x08000b36   Section        0  stm32f10x_gpio.o(i.GPIO_SetBits)
    i.GUI_DrawFont16                         0x08000b3c   Section        0  oled.o(i.GUI_DrawFont16)
    i.HardFault_Handler                      0x08000c5c   Section        0  stm32f10x_it.o(i.HardFault_Handler)
    i.I2C_Ack                                0x08000c60   Section        0  max30102.o(i.I2C_Ack)
    i.IIC_Delay                              0x08000ccc   Section        0  max30102.o(i.IIC_Delay)
    i.IIC_Init                               0x08000cdc   Section        0  max30102.o(i.IIC_Init)
    i.IIC_Read_Array                         0x08000d18   Section        0  max30102.o(i.IIC_Read_Array)
    i.IIC_Read_Byte                          0x08000d9c   Section        0  max30102.o(i.IIC_Read_Byte)
    i.IIC_Receive_Byte                       0x08000dfc   Section        0  max30102.o(i.IIC_Receive_Byte)
    i.IIC_Send_Byte                          0x08000e44   Section        0  max30102.o(i.IIC_Send_Byte)
    i.IIC_Start                              0x08000ee4   Section        0  max30102.o(i.IIC_Start)
    i.IIC_Stop                               0x08000f20   Section        0  max30102.o(i.IIC_Stop)
    i.IIC_Write_Byte                         0x08000f50   Section        0  max30102.o(i.IIC_Write_Byte)
    i.KEY_Init                               0x08000fa0   Section        0  key.o(i.KEY_Init)
    i.LED_Init                               0x08000fc4   Section        0  led.o(i.LED_Init)
    i.MAX30102_Config                        0x08001020   Section        0  max30102.o(i.MAX30102_Config)
    i.MAX30102_GPIO                          0x08001094   Section        0  max30102.o(i.MAX30102_GPIO)
    i.MAX30102_init                          0x080010b8   Section        0  max30102.o(i.MAX30102_init)
    i.Max30102_reset                         0x080010f0   Section        0  max30102.o(i.Max30102_reset)
    i.MemManage_Handler                      0x08001106   Section        0  stm32f10x_it.o(i.MemManage_Handler)
    i.NMI_Handler                            0x0800110a   Section        0  stm32f10x_it.o(i.NMI_Handler)
    i.NVIC_Init                              0x0800110c   Section        0  misc.o(i.NVIC_Init)
    i.NVIC_PriorityGroupConfig               0x0800117c   Section        0  misc.o(i.NVIC_PriorityGroupConfig)
    i.OLED_Clear                             0x08001190   Section        0  oled.o(i.OLED_Clear)
    i.OLED_IIC_Start                         0x080011d0   Section        0  oled.o(i.OLED_IIC_Start)
    i.OLED_IIC_Stop                          0x08001200   Section        0  oled.o(i.OLED_IIC_Stop)
    i.OLED_IIC_Wait_Ack                      0x08001228   Section        0  oled.o(i.OLED_IIC_Wait_Ack)
    i.OLED_Init                              0x08001244   Section        0  oled.o(i.OLED_Init)
    i.OLED_Set_Pos                           0x08001368   Section        0  oled.o(i.OLED_Set_Pos)
    i.OLED_ShowChar                          0x08001390   Section        0  oled.o(i.OLED_ShowChar)
    i.OLED_ShowNumber                        0x08001434   Section        0  oled.o(i.OLED_ShowNumber)
    i.OLED_ShowString                        0x080014bc   Section        0  oled.o(i.OLED_ShowString)
    i.OLED_WR_Byte                           0x080014f2   Section        0  oled.o(i.OLED_WR_Byte)
    i.OLED_Write_IIC_Byte                    0x0800150c   Section        0  oled.o(i.OLED_Write_IIC_Byte)
    i.OLED_Write_IIC_Command                 0x08001568   Section        0  oled.o(i.OLED_Write_IIC_Command)
    i.OLED_Write_IIC_Data                    0x08001594   Section        0  oled.o(i.OLED_Write_IIC_Data)
    i.PendSV_Handler                         0x080015c0   Section        0  stm32f10x_it.o(i.PendSV_Handler)
    i.RCC_APB2PeriphClockCmd                 0x080015c4   Section        0  stm32f10x_rcc.o(i.RCC_APB2PeriphClockCmd)
    i.RCC_GetClocksFreq                      0x080015e4   Section        0  stm32f10x_rcc.o(i.RCC_GetClocksFreq)
    i.SMBus_Init                             0x080016b8   Section        0  mlx90614.o(i.SMBus_Init)
    i.SVC_Handler                            0x080016f0   Section        0  stm32f10x_it.o(i.SVC_Handler)
    i.SetSysClock                            0x080016f2   Section        0  system_stm32f10x.o(i.SetSysClock)
    SetSysClock                              0x080016f3   Thumb Code     8  system_stm32f10x.o(i.SetSysClock)
    i.SetSysClockTo72                        0x080016fc   Section        0  system_stm32f10x.o(i.SetSysClockTo72)
    SetSysClockTo72                          0x080016fd   Thumb Code   214  system_stm32f10x.o(i.SetSysClockTo72)
    i.SysTick_CLKSourceConfig                0x080017dc   Section        0  misc.o(i.SysTick_CLKSourceConfig)
    i.SysTick_Handler                        0x08001804   Section        0  stm32f10x_it.o(i.SysTick_Handler)
    i.SystemInit                             0x08001808   Section        0  system_stm32f10x.o(i.SystemInit)
    i.USART1_IRQHandler                      0x08001868   Section        0  usart.o(i.USART1_IRQHandler)
    i.USART_Cmd                              0x080018f0   Section        0  stm32f10x_usart.o(i.USART_Cmd)
    i.USART_GetITStatus                      0x08001908   Section        0  stm32f10x_usart.o(i.USART_GetITStatus)
    i.USART_ITConfig                         0x0800195c   Section        0  stm32f10x_usart.o(i.USART_ITConfig)
    i.USART_Init                             0x080019a8   Section        0  stm32f10x_usart.o(i.USART_Init)
    i.USART_ReceiveData                      0x08001a80   Section        0  stm32f10x_usart.o(i.USART_ReceiveData)
    i.UsageFault_Handler                     0x08001a8a   Section        0  stm32f10x_it.o(i.UsageFault_Handler)
    i.XCos                                   0x08001a90   Section        0  algorithm.o(i.XCos)
    i.XSin                                   0x08001ab8   Section        0  algorithm.o(i.XSin)
    i._is_digit                              0x08001cc8   Section        0  __printf_wp.o(i._is_digit)
    i._sys_exit                              0x08001cd6   Section        0  usart.o(i._sys_exit)
    i.blood_Loop                             0x08001cdc   Section        0  blood.o(i.blood_Loop)
    i.blood_data_translate                   0x08001eb8   Section        0  blood.o(i.blood_data_translate)
    i.blood_data_update                      0x080022e4   Section        0  blood.o(i.blood_data_update)
    i.delay_init                             0x08002374   Section        0  delay.o(i.delay_init)
    i.delay_ms                               0x080023b8   Section        0  delay.o(i.delay_ms)
    i.dispaly_1                              0x08002404   Section        0  user.o(i.dispaly_1)
    i.find_max_num_index                     0x0800248c   Section        0  algorithm.o(i.find_max_num_index)
    i.fputc                                  0x080024c0   Section        0  usart.o(i.fputc)
    i.main                                   0x080024dc   Section        0  main.o(i.main)
    i.max30102_read_fifo                     0x08002530   Section        0  max30102.o(i.max30102_read_fifo)
    i.my_floor                               0x080025fc   Section        0  algorithm.o(i.my_floor)
    i.my_fmod                                0x08002648   Section        0  algorithm.o(i.my_fmod)
    i.oled_pow                               0x080026e0   Section        0  oled.o(i.oled_pow)
    i.sqrtf                                  0x080026f6   Section        0  sqrtf.o(i.sqrtf)
    i.uart_init                              0x08002724   Section        0  usart.o(i.uart_init)
    x$fpl$d2f                                0x080027c4   Section       98  d2f.o(x$fpl$d2f)
    x$fpl$dadd                               0x08002828   Section      336  daddsub_clz.o(x$fpl$dadd)
    _dadd1                                   0x08002839   Thumb Code     0  daddsub_clz.o(x$fpl$dadd)
    x$fpl$dcmpinf                            0x08002978   Section       24  dcmpi.o(x$fpl$dcmpinf)
    x$fpl$ddiv                               0x08002990   Section      688  ddiv.o(x$fpl$ddiv)
    ddiv_entry                               0x08002997   Thumb Code     0  ddiv.o(x$fpl$ddiv)
    x$fpl$deqf                               0x08002c40   Section      120  deqf.o(x$fpl$deqf)
    x$fpl$dfix                               0x08002cb8   Section       94  dfix.o(x$fpl$dfix)
    x$fpl$dflt                               0x08002d16   Section       46  dflt_clz.o(x$fpl$dflt)
    x$fpl$dleqf                              0x08002d44   Section      120  dleqf.o(x$fpl$dleqf)
    x$fpl$dmul                               0x08002dbc   Section      340  dmul.o(x$fpl$dmul)
    x$fpl$dnaninf                            0x08002f10   Section      156  dnaninf.o(x$fpl$dnaninf)
    x$fpl$dretinf                            0x08002fac   Section       12  dretinf.o(x$fpl$dretinf)
    x$fpl$drleqf                             0x08002fb8   Section      108  drleqf.o(x$fpl$drleqf)
    x$fpl$drsb                               0x08003024   Section       22  daddsub_clz.o(x$fpl$drsb)
    x$fpl$dsub                               0x0800303c   Section      468  daddsub_clz.o(x$fpl$dsub)
    _dsub1                                   0x0800304d   Thumb Code     0  daddsub_clz.o(x$fpl$dsub)
    x$fpl$f2d                                0x08003210   Section       86  f2d.o(x$fpl$f2d)
    x$fpl$fadd                               0x08003268   Section      196  faddsub_clz.o(x$fpl$fadd)
    _fadd1                                   0x08003277   Thumb Code     0  faddsub_clz.o(x$fpl$fadd)
    x$fpl$fcmpinf                            0x0800332c   Section       24  fcmpi.o(x$fpl$fcmpinf)
    x$fpl$fdiv                               0x08003344   Section      388  fdiv.o(x$fpl$fdiv)
    _fdiv1                                   0x08003345   Thumb Code     0  fdiv.o(x$fpl$fdiv)
    x$fpl$ffix                               0x080034c8   Section       54  ffix.o(x$fpl$ffix)
    x$fpl$fflt                               0x08003500   Section       48  fflt_clz.o(x$fpl$fflt)
    x$fpl$ffltu                              0x08003530   Section       38  fflt_clz.o(x$fpl$ffltu)
    x$fpl$fleqf                              0x08003558   Section      104  fleqf.o(x$fpl$fleqf)
    x$fpl$fmul                               0x080035c0   Section      258  fmul.o(x$fpl$fmul)
    x$fpl$fnaninf                            0x080036c2   Section      140  fnaninf.o(x$fpl$fnaninf)
    x$fpl$fretinf                            0x0800374e   Section       10  fretinf.o(x$fpl$fretinf)
    x$fpl$frleqf                             0x08003758   Section       98  frleqf.o(x$fpl$frleqf)
    x$fpl$fsqrt                              0x080037bc   Section      272  fsqrt.o(x$fpl$fsqrt)
    x$fpl$fsub                               0x080038cc   Section      234  faddsub_clz.o(x$fpl$fsub)
    _fsub1                                   0x080038db   Thumb Code     0  faddsub_clz.o(x$fpl$fsub)
    .constdata                               0x080039b6   Section     3134  oled.o(.constdata)
    x$fpl$usenofp                            0x080039b6   Section        0  usenofp.o(x$fpl$usenofp)
    .constdata                               0x080045f8   Section      808  algorithm.o(.constdata)
    XSinTbl                                  0x080045f8   Data         808  algorithm.o(.constdata)
    .data                                    0x20000000   Section       20  system_stm32f10x.o(.data)
    .data                                    0x20000014   Section        6  max30102.o(.data)
    .data                                    0x2000001c   Section       20  blood.o(.data)
    .data                                    0x20000030   Section        1  exti.o(.data)
    .data                                    0x20000032   Section        4  delay.o(.data)
    fac_us                                   0x20000032   Data           1  delay.o(.data)
    fac_ms                                   0x20000034   Data           2  delay.o(.data)
    .data                                    0x20000038   Section        6  usart.o(.data)
    .data                                    0x2000003e   Section       20  stm32f10x_rcc.o(.data)
    APBAHBPrescTable                         0x2000003e   Data          16  stm32f10x_rcc.o(.data)
    ADCPrescTable                            0x2000004e   Data           4  stm32f10x_rcc.o(.data)
    .bss                                     0x20000054   Section     8448  blood.o(.bss)
    .bss                                     0x20002154   Section      200  usart.o(.bss)
    .bss                                     0x2000221c   Section       96  libspace.o(.bss)
    HEAP                                     0x20002280   Section      512  startup_stm32f10x_hd.o(HEAP)
    Heap_Mem                                 0x20002280   Data         512  startup_stm32f10x_hd.o(HEAP)
    STACK                                    0x20002480   Section     1024  startup_stm32f10x_hd.o(STACK)
    Stack_Mem                                0x20002480   Data        1024  startup_stm32f10x_hd.o(STACK)
    __initial_sp                             0x20002880   Data           0  startup_stm32f10x_hd.o(STACK)

    Global Symbols

    Symbol Name                              Value     Ov Type        Size  Object(Section)

    BuildAttributes$$THM_ISAv4$P$D$K$B$S$PE$A:L22UL41UL21$X:L11$S22US41US21$IEEE1$IW$USESV6$~STKCKD$USESV7$~SHL$OTIME$ROPI$IEEEJ$EBA8$UX$STANDARDLIB$REQ8$PRES8$EABIv2 0x00000000   Number         0  anon$$obj.o ABSOLUTE
    __ARM_use_no_argv                        0x00000000   Number         0  main.o ABSOLUTE
    _printf_flags                            0x00000000   Number         0  printf_stubs.o ABSOLUTE
    _printf_return_value                     0x00000000   Number         0  printf_stubs.o ABSOLUTE
    _printf_sizespec                         0x00000000   Number         0  printf_stubs.o ABSOLUTE
    _printf_widthprec                        0x00000000   Number         0  printf_stubs.o ABSOLUTE
    __ARM_exceptions_init                     - Undefined Weak Reference
    __alloca_initialize                       - Undefined Weak Reference
    __arm_preinit_                            - Undefined Weak Reference
    __cpp_initialize__aeabi_                  - Undefined Weak Reference
    __cxa_finalize                            - Undefined Weak Reference
    __rt_locale                               - Undefined Weak Reference
    __sigvec_lookup                           - Undefined Weak Reference
    _atexit_init                              - Undefined Weak Reference
    _call_atexit_fns                          - Undefined Weak Reference
    _clock_init                               - Undefined Weak Reference
    _fp_trap_init                             - Undefined Weak Reference
    _fp_trap_shutdown                         - Undefined Weak Reference
    _get_lc_collate                           - Undefined Weak Reference
    _get_lc_ctype                             - Undefined Weak Reference
    _get_lc_monetary                          - Undefined Weak Reference
    _get_lc_numeric                           - Undefined Weak Reference
    _get_lc_time                              - Undefined Weak Reference
    _getenv_init                              - Undefined Weak Reference
    _handle_redirection                       - Undefined Weak Reference
    _init_alloc                               - Undefined Weak Reference
    _init_user_alloc                          - Undefined Weak Reference
    _initio                                   - Undefined Weak Reference
    _mutex_acquire                            - Undefined Weak Reference
    _mutex_release                            - Undefined Weak Reference
    _printf_truncate_signed                   - Undefined Weak Reference
    _printf_truncate_unsigned                 - Undefined Weak Reference
    _rand_init                                - Undefined Weak Reference
    _signal_finish                            - Undefined Weak Reference
    _signal_init                              - Undefined Weak Reference
    _terminate_alloc                          - Undefined Weak Reference
    _terminate_user_alloc                     - Undefined Weak Reference
    _terminateio                              - Undefined Weak Reference
    __Vectors_Size                           0x00000130   Number         0  startup_stm32f10x_hd.o ABSOLUTE
    __Vectors                                0x08000000   Data           4  startup_stm32f10x_hd.o(RESET)
    __Vectors_End                            0x08000130   Data           0  startup_stm32f10x_hd.o(RESET)
    __main                                   0x08000131   Thumb Code     8  __main.o(!!!main)
    __scatterload                            0x08000139   Thumb Code     0  __scatter.o(!!!scatter)
    __scatterload_rt2                        0x08000139   Thumb Code    44  __scatter.o(!!!scatter)
    __scatterload_rt2_thumb_only             0x08000139   Thumb Code     0  __scatter.o(!!!scatter)
    __scatterload_null                       0x08000147   Thumb Code     0  __scatter.o(!!!scatter)
    __scatterload_copy                       0x0800016d   Thumb Code    26  __scatter_copy.o(!!handler_copy)
    __scatterload_zeroinit                   0x08000189   Thumb Code    28  __scatter_zi.o(!!handler_zi)
    _printf_d                                0x080001a5   Thumb Code     0  _printf_d.o(.ARM.Collect$$_printf_percent$$00000009)
    _printf_percent                          0x080001a5   Thumb Code     0  _printf_percent.o(.ARM.Collect$$_printf_percent$$00000000)
    _printf_percent_end                      0x080001ab   Thumb Code     0  _printf_percent_end.o(.ARM.Collect$$_printf_percent$$00000017)
    __rt_lib_init                            0x080001af   Thumb Code     0  libinit.o(.ARM.Collect$$libinit$$00000000)
    __rt_lib_init_alloca_1                   0x080001b1   Thumb Code     0  libinit2.o(.ARM.Collect$$libinit$$0000002E)
    __rt_lib_init_argv_1                     0x080001b1   Thumb Code     0  libinit2.o(.ARM.Collect$$libinit$$0000002C)
    __rt_lib_init_atexit_1                   0x080001b1   Thumb Code     0  libinit2.o(.ARM.Collect$$libinit$$0000001B)
    __rt_lib_init_clock_1                    0x080001b1   Thumb Code     0  libinit2.o(.ARM.Collect$$libinit$$00000021)
    __rt_lib_init_cpp_1                      0x080001b1   Thumb Code     0  libinit2.o(.ARM.Collect$$libinit$$00000032)
    __rt_lib_init_exceptions_1               0x080001b1   Thumb Code     0  libinit2.o(.ARM.Collect$$libinit$$00000030)
    __rt_lib_init_fp_1                       0x080001b1   Thumb Code     0  libinit2.o(.ARM.Collect$$libinit$$00000002)
    __rt_lib_init_fp_trap_1                  0x080001b1   Thumb Code     0  libinit2.o(.ARM.Collect$$libinit$$0000001F)
    __rt_lib_init_getenv_1                   0x080001b1   Thumb Code     0  libinit2.o(.ARM.Collect$$libinit$$00000023)
    __rt_lib_init_heap_1                     0x080001b1   Thumb Code     0  libinit2.o(.ARM.Collect$$libinit$$0000000A)
    __rt_lib_init_lc_collate_1               0x080001b1   Thumb Code     0  libinit2.o(.ARM.Collect$$libinit$$00000011)
    __rt_lib_init_lc_ctype_1                 0x080001b1   Thumb Code     0  libinit2.o(.ARM.Collect$$libinit$$00000013)
    __rt_lib_init_lc_monetary_1              0x080001b1   Thumb Code     0  libinit2.o(.ARM.Collect$$libinit$$00000015)
    __rt_lib_init_lc_numeric_1               0x080001b1   Thumb Code     0  libinit2.o(.ARM.Collect$$libinit$$00000017)
    __rt_lib_init_lc_time_1                  0x080001b1   Thumb Code     0  libinit2.o(.ARM.Collect$$libinit$$00000019)
    __rt_lib_init_preinit_1                  0x080001b1   Thumb Code     0  libinit2.o(.ARM.Collect$$libinit$$00000004)
    __rt_lib_init_rand_1                     0x080001b1   Thumb Code     0  libinit2.o(.ARM.Collect$$libinit$$0000000E)
    __rt_lib_init_return                     0x080001b1   Thumb Code     0  libinit2.o(.ARM.Collect$$libinit$$00000033)
    __rt_lib_init_signal_1                   0x080001b1   Thumb Code     0  libinit2.o(.ARM.Collect$$libinit$$0000001D)
    __rt_lib_init_stdio_1                    0x080001b1   Thumb Code     0  libinit2.o(.ARM.Collect$$libinit$$00000025)
    __rt_lib_init_user_alloc_1               0x080001b1   Thumb Code     0  libinit2.o(.ARM.Collect$$libinit$$0000000C)
    __rt_lib_shutdown                        0x080001b3   Thumb Code     0  libshutdown.o(.ARM.Collect$$libshutdown$$00000000)
    __rt_lib_shutdown_cpp_1                  0x080001b5   Thumb Code     0  libshutdown2.o(.ARM.Collect$$libshutdown$$00000002)
    __rt_lib_shutdown_fp_trap_1              0x080001b5   Thumb Code     0  libshutdown2.o(.ARM.Collect$$libshutdown$$00000007)
    __rt_lib_shutdown_heap_1                 0x080001b5   Thumb Code     0  libshutdown2.o(.ARM.Collect$$libshutdown$$0000000F)
    __rt_lib_shutdown_return                 0x080001b5   Thumb Code     0  libshutdown2.o(.ARM.Collect$$libshutdown$$00000010)
    __rt_lib_shutdown_signal_1               0x080001b5   Thumb Code     0  libshutdown2.o(.ARM.Collect$$libshutdown$$0000000A)
    __rt_lib_shutdown_stdio_1                0x080001b5   Thumb Code     0  libshutdown2.o(.ARM.Collect$$libshutdown$$00000004)
    __rt_lib_shutdown_user_alloc_1           0x080001b5   Thumb Code     0  libshutdown2.o(.ARM.Collect$$libshutdown$$0000000C)
    __rt_entry                               0x080001b7   Thumb Code     0  __rtentry.o(.ARM.Collect$$rtentry$$00000000)
    __rt_entry_presh_1                       0x080001b7   Thumb Code     0  __rtentry2.o(.ARM.Collect$$rtentry$$00000002)
    __rt_entry_sh                            0x080001b7   Thumb Code     0  __rtentry4.o(.ARM.Collect$$rtentry$$00000004)
    __rt_entry_li                            0x080001bd   Thumb Code     0  __rtentry2.o(.ARM.Collect$$rtentry$$0000000A)
    __rt_entry_postsh_1                      0x080001bd   Thumb Code     0  __rtentry2.o(.ARM.Collect$$rtentry$$00000009)
    __rt_entry_main                          0x080001c1   Thumb Code     0  __rtentry2.o(.ARM.Collect$$rtentry$$0000000D)
    __rt_entry_postli_1                      0x080001c1   Thumb Code     0  __rtentry2.o(.ARM.Collect$$rtentry$$0000000C)
    __rt_exit                                0x080001c9   Thumb Code     0  rtexit.o(.ARM.Collect$$rtexit$$00000000)
    __rt_exit_ls                             0x080001cb   Thumb Code     0  rtexit2.o(.ARM.Collect$$rtexit$$00000003)
    __rt_exit_prels_1                        0x080001cb   Thumb Code     0  rtexit2.o(.ARM.Collect$$rtexit$$00000002)
    __rt_exit_exit                           0x080001cf   Thumb Code     0  rtexit2.o(.ARM.Collect$$rtexit$$00000004)
    Reset_Handler                            0x080001d5   Thumb Code     8  startup_stm32f10x_hd.o(.text)
    ADC1_2_IRQHandler                        0x080001ef   Thumb Code     0  startup_stm32f10x_hd.o(.text)
    ADC3_IRQHandler                          0x080001ef   Thumb Code     0  startup_stm32f10x_hd.o(.text)
    CAN1_RX1_IRQHandler                      0x080001ef   Thumb Code     0  startup_stm32f10x_hd.o(.text)
    CAN1_SCE_IRQHandler                      0x080001ef   Thumb Code     0  startup_stm32f10x_hd.o(.text)
    DMA1_Channel1_IRQHandler                 0x080001ef   Thumb Code     0  startup_stm32f10x_hd.o(.text)
    DMA1_Channel2_IRQHandler                 0x080001ef   Thumb Code     0  startup_stm32f10x_hd.o(.text)
    DMA1_Channel3_IRQHandler                 0x080001ef   Thumb Code     0  startup_stm32f10x_hd.o(.text)
    DMA1_Channel4_IRQHandler                 0x080001ef   Thumb Code     0  startup_stm32f10x_hd.o(.text)
    DMA1_Channel5_IRQHandler                 0x080001ef   Thumb Code     0  startup_stm32f10x_hd.o(.text)
    DMA1_Channel6_IRQHandler                 0x080001ef   Thumb Code     0  startup_stm32f10x_hd.o(.text)
    DMA1_Channel7_IRQHandler                 0x080001ef   Thumb Code     0  startup_stm32f10x_hd.o(.text)
    DMA2_Channel1_IRQHandler                 0x080001ef   Thumb Code     0  startup_stm32f10x_hd.o(.text)
    DMA2_Channel2_IRQHandler                 0x080001ef   Thumb Code     0  startup_stm32f10x_hd.o(.text)
    DMA2_Channel3_IRQHandler                 0x080001ef   Thumb Code     0  startup_stm32f10x_hd.o(.text)
    DMA2_Channel4_5_IRQHandler               0x080001ef   Thumb Code     0  startup_stm32f10x_hd.o(.text)
    EXTI0_IRQHandler                         0x080001ef   Thumb Code     0  startup_stm32f10x_hd.o(.text)
    EXTI15_10_IRQHandler                     0x080001ef   Thumb Code     0  startup_stm32f10x_hd.o(.text)
    EXTI1_IRQHandler                         0x080001ef   Thumb Code     0  startup_stm32f10x_hd.o(.text)
    EXTI2_IRQHandler                         0x080001ef   Thumb Code     0  startup_stm32f10x_hd.o(.text)
    EXTI3_IRQHandler                         0x080001ef   Thumb Code     0  startup_stm32f10x_hd.o(.text)
    FLASH_IRQHandler                         0x080001ef   Thumb Code     0  startup_stm32f10x_hd.o(.text)
    FSMC_IRQHandler                          0x080001ef   Thumb Code     0  startup_stm32f10x_hd.o(.text)
    I2C1_ER_IRQHandler                       0x080001ef   Thumb Code     0  startup_stm32f10x_hd.o(.text)
    I2C1_EV_IRQHandler                       0x080001ef   Thumb Code     0  startup_stm32f10x_hd.o(.text)
    I2C2_ER_IRQHandler                       0x080001ef   Thumb Code     0  startup_stm32f10x_hd.o(.text)
    I2C2_EV_IRQHandler                       0x080001ef   Thumb Code     0  startup_stm32f10x_hd.o(.text)
    PVD_IRQHandler                           0x080001ef   Thumb Code     0  startup_stm32f10x_hd.o(.text)
    RCC_IRQHandler                           0x080001ef   Thumb Code     0  startup_stm32f10x_hd.o(.text)
    RTCAlarm_IRQHandler                      0x080001ef   Thumb Code     0  startup_stm32f10x_hd.o(.text)
    RTC_IRQHandler                           0x080001ef   Thumb Code     0  startup_stm32f10x_hd.o(.text)
    SDIO_IRQHandler                          0x080001ef   Thumb Code     0  startup_stm32f10x_hd.o(.text)
    SPI1_IRQHandler                          0x080001ef   Thumb Code     0  startup_stm32f10x_hd.o(.text)
    SPI2_IRQHandler                          0x080001ef   Thumb Code     0  startup_stm32f10x_hd.o(.text)
    SPI3_IRQHandler                          0x080001ef   Thumb Code     0  startup_stm32f10x_hd.o(.text)
    TAMPER_IRQHandler                        0x080001ef   Thumb Code     0  startup_stm32f10x_hd.o(.text)
    TIM1_BRK_IRQHandler                      0x080001ef   Thumb Code     0  startup_stm32f10x_hd.o(.text)
    TIM1_CC_IRQHandler                       0x080001ef   Thumb Code     0  startup_stm32f10x_hd.o(.text)
    TIM1_TRG_COM_IRQHandler                  0x080001ef   Thumb Code     0  startup_stm32f10x_hd.o(.text)
    TIM1_UP_IRQHandler                       0x080001ef   Thumb Code     0  startup_stm32f10x_hd.o(.text)
    TIM2_IRQHandler                          0x080001ef   Thumb Code     0  startup_stm32f10x_hd.o(.text)
    TIM3_IRQHandler                          0x080001ef   Thumb Code     0  startup_stm32f10x_hd.o(.text)
    TIM4_IRQHandler                          0x080001ef   Thumb Code     0  startup_stm32f10x_hd.o(.text)
    TIM5_IRQHandler                          0x080001ef   Thumb Code     0  startup_stm32f10x_hd.o(.text)
    TIM6_IRQHandler                          0x080001ef   Thumb Code     0  startup_stm32f10x_hd.o(.text)
    TIM7_IRQHandler                          0x080001ef   Thumb Code     0  startup_stm32f10x_hd.o(.text)
    TIM8_BRK_IRQHandler                      0x080001ef   Thumb Code     0  startup_stm32f10x_hd.o(.text)
    TIM8_CC_IRQHandler                       0x080001ef   Thumb Code     0  startup_stm32f10x_hd.o(.text)
    TIM8_TRG_COM_IRQHandler                  0x080001ef   Thumb Code     0  startup_stm32f10x_hd.o(.text)
    TIM8_UP_IRQHandler                       0x080001ef   Thumb Code     0  startup_stm32f10x_hd.o(.text)
    UART4_IRQHandler                         0x080001ef   Thumb Code     0  startup_stm32f10x_hd.o(.text)
    UART5_IRQHandler                         0x080001ef   Thumb Code     0  startup_stm32f10x_hd.o(.text)
    USART2_IRQHandler                        0x080001ef   Thumb Code     0  startup_stm32f10x_hd.o(.text)
    USART3_IRQHandler                        0x080001ef   Thumb Code     0  startup_stm32f10x_hd.o(.text)
    USBWakeUp_IRQHandler                     0x080001ef   Thumb Code     0  startup_stm32f10x_hd.o(.text)
    USB_HP_CAN1_TX_IRQHandler                0x080001ef   Thumb Code     0  startup_stm32f10x_hd.o(.text)
    USB_LP_CAN1_RX0_IRQHandler               0x080001ef   Thumb Code     0  startup_stm32f10x_hd.o(.text)
    WWDG_IRQHandler                          0x080001ef   Thumb Code     0  startup_stm32f10x_hd.o(.text)
    __user_initial_stackheap                 0x080001f1   Thumb Code     0  startup_stm32f10x_hd.o(.text)
    __use_no_semihosting                     0x08000215   Thumb Code     2  use_no_semi_2.o(.text)
    __2printf                                0x08000219   Thumb Code    20  noretval__2printf.o(.text)
    _printf_pre_padding                      0x08000231   Thumb Code    44  _printf_pad.o(.text)
    _printf_post_padding                     0x0800025d   Thumb Code    34  _printf_pad.o(.text)
    _printf_int_dec                          0x08000281   Thumb Code   104  _printf_dec.o(.text)
    __printf                                 0x080002f9   Thumb Code   270  __printf_wp.o(.text)
    strlen                                   0x08000407   Thumb Code    62  strlen.o(.text)
    __use_two_region_memory                  0x08000445   Thumb Code     2  heapauxi.o(.text)
    __rt_heap_escrow$2region                 0x08000447   Thumb Code     2  heapauxi.o(.text)
    __rt_heap_expand$2region                 0x08000449   Thumb Code     2  heapauxi.o(.text)
    __I$use$semihosting                      0x0800044b   Thumb Code     0  use_no_semi.o(.text)
    __use_no_semihosting_swi                 0x0800044b   Thumb Code     2  use_no_semi.o(.text)
    __read_errno                             0x0800044d   Thumb Code    10  _rserrno.o(.text)
    __set_errno                              0x08000457   Thumb Code    12  _rserrno.o(.text)
    _printf_int_common                       0x08000463   Thumb Code   178  _printf_intcommon.o(.text)
    _printf_char_file                        0x08000515   Thumb Code    32  _printf_char_file.o(.text)
    __aeabi_errno_addr                       0x08000539   Thumb Code     8  rt_errno_addr_intlibspace.o(.text)
    __errno$intlibspace                      0x08000539   Thumb Code     0  rt_errno_addr_intlibspace.o(.text)
    __rt_errno_addr$intlibspace              0x08000539   Thumb Code     0  rt_errno_addr_intlibspace.o(.text)
    _printf_char_common                      0x0800054b   Thumb Code    32  _printf_char_common.o(.text)
    ferror                                   0x08000571   Thumb Code     8  ferror.o(.text)
    __user_libspace                          0x08000579   Thumb Code     8  libspace.o(.text)
    __user_perproc_libspace                  0x08000579   Thumb Code     0  libspace.o(.text)
    __user_perthread_libspace                0x08000579   Thumb Code     0  libspace.o(.text)
    __user_setup_stackheap                   0x08000581   Thumb Code    74  sys_stackheap_outer.o(.text)
    exit                                     0x080005cb   Thumb Code    18  exit.o(.text)
    BusFault_Handler                         0x080005dd   Thumb Code     4  stm32f10x_it.o(i.BusFault_Handler)
    DebugMon_Handler                         0x080005e1   Thumb Code     2  stm32f10x_it.o(i.DebugMon_Handler)
    EE                                       0x080005e3   Thumb Code    76  algorithm.o(i.EE)
    EXTI4_IRQHandler                         0x08000631   Thumb Code    32  exti.o(i.EXTI4_IRQHandler)
    EXTI9_5_IRQHandler                       0x08000659   Thumb Code    38  exti.o(i.EXTI9_5_IRQHandler)
    EXTIX_Init                               0x0800068d   Thumb Code   128  exti.o(i.EXTIX_Init)
    EXTI_ClearITPendingBit                   0x0800070d   Thumb Code     6  stm32f10x_exti.o(i.EXTI_ClearITPendingBit)
    EXTI_Init                                0x08000719   Thumb Code   142  stm32f10x_exti.o(i.EXTI_Init)
    FFT                                      0x080007ad   Thumb Code   386  algorithm.o(i.FFT)
    GPIO_EXTILineConfig                      0x08000939   Thumb Code    60  stm32f10x_gpio.o(i.GPIO_EXTILineConfig)
    GPIO_Init                                0x08000979   Thumb Code   278  stm32f10x_gpio.o(i.GPIO_Init)
    GPIO_PinRemapConfig                      0x08000a91   Thumb Code   138  stm32f10x_gpio.o(i.GPIO_PinRemapConfig)
    GPIO_ReadInputDataBit                    0x08000b21   Thumb Code    18  stm32f10x_gpio.o(i.GPIO_ReadInputDataBit)
    GPIO_ResetBits                           0x08000b33   Thumb Code     4  stm32f10x_gpio.o(i.GPIO_ResetBits)
    GPIO_SetBits                             0x08000b37   Thumb Code     4  stm32f10x_gpio.o(i.GPIO_SetBits)
    GUI_DrawFont16                           0x08000b3d   Thumb Code   284  oled.o(i.GUI_DrawFont16)
    HardFault_Handler                        0x08000c5d   Thumb Code     4  stm32f10x_it.o(i.HardFault_Handler)
    I2C_Ack                                  0x08000c61   Thumb Code   104  max30102.o(i.I2C_Ack)
    IIC_Delay                                0x08000ccd   Thumb Code    16  max30102.o(i.IIC_Delay)
    IIC_Init                                 0x08000cdd   Thumb Code    56  max30102.o(i.IIC_Init)
    IIC_Read_Array                           0x08000d19   Thumb Code   128  max30102.o(i.IIC_Read_Array)
    IIC_Read_Byte                            0x08000d9d   Thumb Code    90  max30102.o(i.IIC_Read_Byte)
    IIC_Receive_Byte                         0x08000dfd   Thumb Code    68  max30102.o(i.IIC_Receive_Byte)
    IIC_Send_Byte                            0x08000e45   Thumb Code   150  max30102.o(i.IIC_Send_Byte)
    IIC_Start                                0x08000ee5   Thumb Code    56  max30102.o(i.IIC_Start)
    IIC_Stop                                 0x08000f21   Thumb Code    42  max30102.o(i.IIC_Stop)
    IIC_Write_Byte                           0x08000f51   Thumb Code    74  max30102.o(i.IIC_Write_Byte)
    KEY_Init                                 0x08000fa1   Thumb Code    32  key.o(i.KEY_Init)
    LED_Init                                 0x08000fc5   Thumb Code    84  led.o(i.LED_Init)
    MAX30102_Config                          0x08001021   Thumb Code   114  max30102.o(i.MAX30102_Config)
    MAX30102_GPIO                            0x08001095   Thumb Code    32  max30102.o(i.MAX30102_GPIO)
    MAX30102_init                            0x080010b9   Thumb Code    50  max30102.o(i.MAX30102_init)
    Max30102_reset                           0x080010f1   Thumb Code    22  max30102.o(i.Max30102_reset)
    MemManage_Handler                        0x08001107   Thumb Code     4  stm32f10x_it.o(i.MemManage_Handler)
    NMI_Handler                              0x0800110b   Thumb Code     2  stm32f10x_it.o(i.NMI_Handler)
    NVIC_Init                                0x0800110d   Thumb Code   100  misc.o(i.NVIC_Init)
    NVIC_PriorityGroupConfig                 0x0800117d   Thumb Code    10  misc.o(i.NVIC_PriorityGroupConfig)
    OLED_Clear                               0x08001191   Thumb Code    62  oled.o(i.OLED_Clear)
    OLED_IIC_Start                           0x080011d1   Thumb Code    44  oled.o(i.OLED_IIC_Start)
    OLED_IIC_Stop                            0x08001201   Thumb Code    34  oled.o(i.OLED_IIC_Stop)
    OLED_IIC_Wait_Ack                        0x08001229   Thumb Code    24  oled.o(i.OLED_IIC_Wait_Ack)
    OLED_Init                                0x08001245   Thumb Code   282  oled.o(i.OLED_Init)
    OLED_Set_Pos                             0x08001369   Thumb Code    40  oled.o(i.OLED_Set_Pos)
    OLED_ShowChar                            0x08001391   Thumb Code   154  oled.o(i.OLED_ShowChar)
    OLED_ShowNumber                          0x08001435   Thumb Code   136  oled.o(i.OLED_ShowNumber)
    OLED_ShowString                          0x080014bd   Thumb Code    54  oled.o(i.OLED_ShowString)
    OLED_WR_Byte                             0x080014f3   Thumb Code    24  oled.o(i.OLED_WR_Byte)
    OLED_Write_IIC_Byte                      0x0800150d   Thumb Code    88  oled.o(i.OLED_Write_IIC_Byte)
    OLED_Write_IIC_Command                   0x08001569   Thumb Code    44  oled.o(i.OLED_Write_IIC_Command)
    OLED_Write_IIC_Data                      0x08001595   Thumb Code    44  oled.o(i.OLED_Write_IIC_Data)
    PendSV_Handler                           0x080015c1   Thumb Code     2  stm32f10x_it.o(i.PendSV_Handler)
    RCC_APB2PeriphClockCmd                   0x080015c5   Thumb Code    26  stm32f10x_rcc.o(i.RCC_APB2PeriphClockCmd)
    RCC_GetClocksFreq                        0x080015e5   Thumb Code   192  stm32f10x_rcc.o(i.RCC_GetClocksFreq)
    SMBus_Init                               0x080016b9   Thumb Code    50  mlx90614.o(i.SMBus_Init)
    SVC_Handler                              0x080016f1   Thumb Code     2  stm32f10x_it.o(i.SVC_Handler)
    SysTick_CLKSourceConfig                  0x080017dd   Thumb Code    40  misc.o(i.SysTick_CLKSourceConfig)
    SysTick_Handler                          0x08001805   Thumb Code     2  stm32f10x_it.o(i.SysTick_Handler)
    SystemInit                               0x08001809   Thumb Code    78  system_stm32f10x.o(i.SystemInit)
    USART1_IRQHandler                        0x08001869   Thumb Code   122  usart.o(i.USART1_IRQHandler)
    USART_Cmd                                0x080018f1   Thumb Code    24  stm32f10x_usart.o(i.USART_Cmd)
    USART_GetITStatus                        0x08001909   Thumb Code    84  stm32f10x_usart.o(i.USART_GetITStatus)
    USART_ITConfig                           0x0800195d   Thumb Code    74  stm32f10x_usart.o(i.USART_ITConfig)
    USART_Init                               0x080019a9   Thumb Code   210  stm32f10x_usart.o(i.USART_Init)
    USART_ReceiveData                        0x08001a81   Thumb Code    10  stm32f10x_usart.o(i.USART_ReceiveData)
    UsageFault_Handler                       0x08001a8b   Thumb Code     4  stm32f10x_it.o(i.UsageFault_Handler)
    XCos                                     0x08001a91   Thumb Code    30  algorithm.o(i.XCos)
    XSin                                     0x08001ab9   Thumb Code   488  algorithm.o(i.XSin)
    _is_digit                                0x08001cc9   Thumb Code    14  __printf_wp.o(i._is_digit)
    _sys_exit                                0x08001cd7   Thumb Code     4  usart.o(i._sys_exit)
    blood_Loop                               0x08001cdd   Thumb Code   274  blood.o(i.blood_Loop)
    blood_data_translate                     0x08001eb9   Thumb Code  1010  blood.o(i.blood_data_translate)
    blood_data_update                        0x080022e5   Thumb Code   120  blood.o(i.blood_data_update)
    delay_init                               0x08002375   Thumb Code    50  delay.o(i.delay_init)
    delay_ms                                 0x080023b9   Thumb Code    72  delay.o(i.delay_ms)
    dispaly_1                                0x08002405   Thumb Code   100  user.o(i.dispaly_1)
    find_max_num_index                       0x0800248d   Thumb Code    50  algorithm.o(i.find_max_num_index)
    fputc                                    0x080024c1   Thumb Code    24  usart.o(i.fputc)
    main                                     0x080024dd   Thumb Code    78  main.o(i.main)
    max30102_read_fifo                       0x08002531   Thumb Code   196  max30102.o(i.max30102_read_fifo)
    my_floor                                 0x080025fd   Thumb Code    76  algorithm.o(i.my_floor)
    my_fmod                                  0x08002649   Thumb Code   152  algorithm.o(i.my_fmod)
    oled_pow                                 0x080026e1   Thumb Code    22  oled.o(i.oled_pow)
    sqrtf                                    0x080026f7   Thumb Code    44  sqrtf.o(i.sqrtf)
    uart_init                                0x08002725   Thumb Code   152  usart.o(i.uart_init)
    __aeabi_d2f                              0x080027c5   Thumb Code     0  d2f.o(x$fpl$d2f)
    _d2f                                     0x080027c5   Thumb Code    98  d2f.o(x$fpl$d2f)
    __aeabi_dadd                             0x08002829   Thumb Code     0  daddsub_clz.o(x$fpl$dadd)
    _dadd                                    0x08002829   Thumb Code   332  daddsub_clz.o(x$fpl$dadd)
    __fpl_dcmp_Inf                           0x08002979   Thumb Code    24  dcmpi.o(x$fpl$dcmpinf)
    __aeabi_ddiv                             0x08002991   Thumb Code     0  ddiv.o(x$fpl$ddiv)
    _ddiv                                    0x08002991   Thumb Code   552  ddiv.o(x$fpl$ddiv)
    __aeabi_cdcmpeq                          0x08002c41   Thumb Code     0  deqf.o(x$fpl$deqf)
    _dcmpeq                                  0x08002c41   Thumb Code   120  deqf.o(x$fpl$deqf)
    __aeabi_d2iz                             0x08002cb9   Thumb Code     0  dfix.o(x$fpl$dfix)
    _dfix                                    0x08002cb9   Thumb Code    94  dfix.o(x$fpl$dfix)
    __aeabi_i2d                              0x08002d17   Thumb Code     0  dflt_clz.o(x$fpl$dflt)
    _dflt                                    0x08002d17   Thumb Code    46  dflt_clz.o(x$fpl$dflt)
    __aeabi_cdcmple                          0x08002d45   Thumb Code     0  dleqf.o(x$fpl$dleqf)
    _dcmple                                  0x08002d45   Thumb Code   120  dleqf.o(x$fpl$dleqf)
    __fpl_dcmple_InfNaN                      0x08002da7   Thumb Code     0  dleqf.o(x$fpl$dleqf)
    __aeabi_dmul                             0x08002dbd   Thumb Code     0  dmul.o(x$fpl$dmul)
    _dmul                                    0x08002dbd   Thumb Code   332  dmul.o(x$fpl$dmul)
    __fpl_dnaninf                            0x08002f11   Thumb Code   156  dnaninf.o(x$fpl$dnaninf)
    __fpl_dretinf                            0x08002fad   Thumb Code    12  dretinf.o(x$fpl$dretinf)
    __aeabi_cdrcmple                         0x08002fb9   Thumb Code     0  drleqf.o(x$fpl$drleqf)
    _drcmple                                 0x08002fb9   Thumb Code   108  drleqf.o(x$fpl$drleqf)
    __aeabi_drsub                            0x08003025   Thumb Code     0  daddsub_clz.o(x$fpl$drsb)
    _drsb                                    0x08003025   Thumb Code    22  daddsub_clz.o(x$fpl$drsb)
    __aeabi_dsub                             0x0800303d   Thumb Code     0  daddsub_clz.o(x$fpl$dsub)
    _dsub                                    0x0800303d   Thumb Code   464  daddsub_clz.o(x$fpl$dsub)
    __aeabi_f2d                              0x08003211   Thumb Code     0  f2d.o(x$fpl$f2d)
    _f2d                                     0x08003211   Thumb Code    86  f2d.o(x$fpl$f2d)
    __aeabi_fadd                             0x08003269   Thumb Code     0  faddsub_clz.o(x$fpl$fadd)
    _fadd                                    0x08003269   Thumb Code   196  faddsub_clz.o(x$fpl$fadd)
    __fpl_fcmp_Inf                           0x0800332d   Thumb Code    24  fcmpi.o(x$fpl$fcmpinf)
    __aeabi_fdiv                             0x08003345   Thumb Code     0  fdiv.o(x$fpl$fdiv)
    _fdiv                                    0x08003345   Thumb Code   384  fdiv.o(x$fpl$fdiv)
    __aeabi_f2iz                             0x080034c9   Thumb Code     0  ffix.o(x$fpl$ffix)
    _ffix                                    0x080034c9   Thumb Code    54  ffix.o(x$fpl$ffix)
    __aeabi_i2f                              0x08003501   Thumb Code     0  fflt_clz.o(x$fpl$fflt)
    _fflt                                    0x08003501   Thumb Code    48  fflt_clz.o(x$fpl$fflt)
    __aeabi_ui2f                             0x08003531   Thumb Code     0  fflt_clz.o(x$fpl$ffltu)
    _ffltu                                   0x08003531   Thumb Code    38  fflt_clz.o(x$fpl$ffltu)
    __aeabi_cfcmple                          0x08003559   Thumb Code     0  fleqf.o(x$fpl$fleqf)
    _fcmple                                  0x08003559   Thumb Code   104  fleqf.o(x$fpl$fleqf)
    __fpl_fcmple_InfNaN                      0x080035ab   Thumb Code     0  fleqf.o(x$fpl$fleqf)
    __aeabi_fmul                             0x080035c1   Thumb Code     0  fmul.o(x$fpl$fmul)
    _fmul                                    0x080035c1   Thumb Code   258  fmul.o(x$fpl$fmul)
    __fpl_fnaninf                            0x080036c3   Thumb Code   140  fnaninf.o(x$fpl$fnaninf)
    __fpl_fretinf                            0x0800374f   Thumb Code    10  fretinf.o(x$fpl$fretinf)
    __aeabi_cfrcmple                         0x08003759   Thumb Code     0  frleqf.o(x$fpl$frleqf)
    _frcmple                                 0x08003759   Thumb Code    98  frleqf.o(x$fpl$frleqf)
    _fsqrt                                   0x080037bd   Thumb Code   272  fsqrt.o(x$fpl$fsqrt)
    __aeabi_fsub                             0x080038cd   Thumb Code     0  faddsub_clz.o(x$fpl$fsub)
    _fsub                                    0x080038cd   Thumb Code   234  faddsub_clz.o(x$fpl$fsub)
    F6x8                                     0x080039b6   Data         552  oled.o(.constdata)
    __I$use$fp                               0x080039b6   Number         0  usenofp.o(x$fpl$usenofp)
    F8X16                                    0x08003bde   Data        1536  oled.o(.constdata)
    TS8X16                                   0x080041de   Data         160  oled.o(.constdata)
    tfont16                                  0x0800427e   Data         884  oled.o(.constdata)
    Left                                     0x080045f2   Data           1  oled.o(.constdata)
    right                                    0x080045f3   Data           1  oled.o(.constdata)
    Region$$Table$$Base                      0x08004920   Number         0  anon$$obj.o(Region$$Table)
    Region$$Table$$Limit                     0x08004940   Number         0  anon$$obj.o(Region$$Table)
    SystemCoreClock                          0x20000000   Data           4  system_stm32f10x.o(.data)
    AHBPrescTable                            0x20000004   Data          16  system_stm32f10x.o(.data)
    ack                                      0x20000014   Data           1  max30102.o(.data)
    fifo_red                                 0x20000016   Data           2  max30102.o(.data)
    fifo_ir                                  0x20000018   Data           2  max30102.o(.data)
    g_fft_index                              0x2000001c   Data           2  blood.o(.data)
    g_BloodWave                              0x20000020   Data           8  blood.o(.data)
    g_blooddata                              0x20000028   Data           8  blood.o(.data)
    key_static                               0x20000030   Data           1  exti.o(.data)
    __stdout                                 0x20000038   Data           4  usart.o(.data)
    USART_RX_STA                             0x2000003c   Data           2  usart.o(.data)
    s1                                       0x20000054   Data        4224  blood.o(.bss)
    s2                                       0x200010d4   Data        4224  blood.o(.bss)
    USART_RX_BUF                             0x20002154   Data         200  usart.o(.bss)
    __libspace_start                         0x2000221c   Data          96  libspace.o(.bss)
    __temporary_stack_top$libspace           0x2000227c   Data           0  libspace.o(.bss)



==============================================================================

Memory Map of the image

  Image Entry point : 0x080001d5

  Load Region LR_1 (Base: 0x08000000, Size: 0x00004994, Max: 0xffffffff, ABSOLUTE)

    Execution Region ER_RO (Exec base: 0x08000000, Load base: 0x08000000, Size: 0x00004940, Max: 0xffffffff, ABSOLUTE)

    Exec Addr    Load Addr    Size         Type   Attr      Idx    E Section Name        Object

    0x08000000   0x08000000   0x00000130   Data   RO          996    RESET               startup_stm32f10x_hd.o
    0x08000130   0x08000130   0x00000008   Code   RO         4008  * !!!main             c_w.l(__main.o)
    0x08000138   0x08000138   0x00000034   Code   RO         4268    !!!scatter          c_w.l(__scatter.o)
    0x0800016c   0x0800016c   0x0000001a   Code   RO         4270    !!handler_copy      c_w.l(__scatter_copy.o)
    0x08000186   0x08000186   0x00000002   PAD
    0x08000188   0x08000188   0x0000001c   Code   RO         4272    !!handler_zi        c_w.l(__scatter_zi.o)
    0x080001a4   0x080001a4   0x00000000   Code   RO         4003    .ARM.Collect$$_printf_percent$$00000000  c_w.l(_printf_percent.o)
    0x080001a4   0x080001a4   0x00000006   Code   RO         4002    .ARM.Collect$$_printf_percent$$00000009  c_w.l(_printf_d.o)
    0x080001aa   0x080001aa   0x00000004   Code   RO         4089    .ARM.Collect$$_printf_percent$$00000017  c_w.l(_printf_percent_end.o)
    0x080001ae   0x080001ae   0x00000002   Code   RO         4145    .ARM.Collect$$libinit$$00000000  c_w.l(libinit.o)
    0x080001b0   0x080001b0   0x00000000   Code   RO         4149    .ARM.Collect$$libinit$$00000002  c_w.l(libinit2.o)
    0x080001b0   0x080001b0   0x00000000   Code   RO         4151    .ARM.Collect$$libinit$$00000004  c_w.l(libinit2.o)
    0x080001b0   0x080001b0   0x00000000   Code   RO         4154    .ARM.Collect$$libinit$$0000000A  c_w.l(libinit2.o)
    0x080001b0   0x080001b0   0x00000000   Code   RO         4156    .ARM.Collect$$libinit$$0000000C  c_w.l(libinit2.o)
    0x080001b0   0x080001b0   0x00000000   Code   RO         4158    .ARM.Collect$$libinit$$0000000E  c_w.l(libinit2.o)
    0x080001b0   0x080001b0   0x00000000   Code   RO         4161    .ARM.Collect$$libinit$$00000011  c_w.l(libinit2.o)
    0x080001b0   0x080001b0   0x00000000   Code   RO         4163    .ARM.Collect$$libinit$$00000013  c_w.l(libinit2.o)
    0x080001b0   0x080001b0   0x00000000   Code   RO         4165    .ARM.Collect$$libinit$$00000015  c_w.l(libinit2.o)
    0x080001b0   0x080001b0   0x00000000   Code   RO         4167    .ARM.Collect$$libinit$$00000017  c_w.l(libinit2.o)
    0x080001b0   0x080001b0   0x00000000   Code   RO         4169    .ARM.Collect$$libinit$$00000019  c_w.l(libinit2.o)
    0x080001b0   0x080001b0   0x00000000   Code   RO         4171    .ARM.Collect$$libinit$$0000001B  c_w.l(libinit2.o)
    0x080001b0   0x080001b0   0x00000000   Code   RO         4173    .ARM.Collect$$libinit$$0000001D  c_w.l(libinit2.o)
    0x080001b0   0x080001b0   0x00000000   Code   RO         4175    .ARM.Collect$$libinit$$0000001F  c_w.l(libinit2.o)
    0x080001b0   0x080001b0   0x00000000   Code   RO         4177    .ARM.Collect$$libinit$$00000021  c_w.l(libinit2.o)
    0x080001b0   0x080001b0   0x00000000   Code   RO         4179    .ARM.Collect$$libinit$$00000023  c_w.l(libinit2.o)
    0x080001b0   0x080001b0   0x00000000   Code   RO         4181    .ARM.Collect$$libinit$$00000025  c_w.l(libinit2.o)
    0x080001b0   0x080001b0   0x00000000   Code   RO         4185    .ARM.Collect$$libinit$$0000002C  c_w.l(libinit2.o)
    0x080001b0   0x080001b0   0x00000000   Code   RO         4187    .ARM.Collect$$libinit$$0000002E  c_w.l(libinit2.o)
    0x080001b0   0x080001b0   0x00000000   Code   RO         4189    .ARM.Collect$$libinit$$00000030  c_w.l(libinit2.o)
    0x080001b0   0x080001b0   0x00000000   Code   RO         4191    .ARM.Collect$$libinit$$00000032  c_w.l(libinit2.o)
    0x080001b0   0x080001b0   0x00000002   Code   RO         4192    .ARM.Collect$$libinit$$00000033  c_w.l(libinit2.o)
    0x080001b2   0x080001b2   0x00000002   Code   RO         4210    .ARM.Collect$$libshutdown$$00000000  c_w.l(libshutdown.o)
    0x080001b4   0x080001b4   0x00000000   Code   RO         4220    .ARM.Collect$$libshutdown$$00000002  c_w.l(libshutdown2.o)
    0x080001b4   0x080001b4   0x00000000   Code   RO         4222    .ARM.Collect$$libshutdown$$00000004  c_w.l(libshutdown2.o)
    0x080001b4   0x080001b4   0x00000000   Code   RO         4225    .ARM.Collect$$libshutdown$$00000007  c_w.l(libshutdown2.o)
    0x080001b4   0x080001b4   0x00000000   Code   RO         4228    .ARM.Collect$$libshutdown$$0000000A  c_w.l(libshutdown2.o)
    0x080001b4   0x080001b4   0x00000000   Code   RO         4230    .ARM.Collect$$libshutdown$$0000000C  c_w.l(libshutdown2.o)
    0x080001b4   0x080001b4   0x00000000   Code   RO         4233    .ARM.Collect$$libshutdown$$0000000F  c_w.l(libshutdown2.o)
    0x080001b4   0x080001b4   0x00000002   Code   RO         4234    .ARM.Collect$$libshutdown$$00000010  c_w.l(libshutdown2.o)
    0x080001b6   0x080001b6   0x00000000   Code   RO         4082    .ARM.Collect$$rtentry$$00000000  c_w.l(__rtentry.o)
    0x080001b6   0x080001b6   0x00000000   Code   RO         4106    .ARM.Collect$$rtentry$$00000002  c_w.l(__rtentry2.o)
    0x080001b6   0x080001b6   0x00000006   Code   RO         4118    .ARM.Collect$$rtentry$$00000004  c_w.l(__rtentry4.o)
    0x080001bc   0x080001bc   0x00000000   Code   RO         4108    .ARM.Collect$$rtentry$$00000009  c_w.l(__rtentry2.o)
    0x080001bc   0x080001bc   0x00000004   Code   RO         4109    .ARM.Collect$$rtentry$$0000000A  c_w.l(__rtentry2.o)
    0x080001c0   0x080001c0   0x00000000   Code   RO         4111    .ARM.Collect$$rtentry$$0000000C  c_w.l(__rtentry2.o)
    0x080001c0   0x080001c0   0x00000008   Code   RO         4112    .ARM.Collect$$rtentry$$0000000D  c_w.l(__rtentry2.o)
    0x080001c8   0x080001c8   0x00000002   Code   RO         4146    .ARM.Collect$$rtexit$$00000000  c_w.l(rtexit.o)
    0x080001ca   0x080001ca   0x00000000   Code   RO         4194    .ARM.Collect$$rtexit$$00000002  c_w.l(rtexit2.o)
    0x080001ca   0x080001ca   0x00000004   Code   RO         4195    .ARM.Collect$$rtexit$$00000003  c_w.l(rtexit2.o)
    0x080001ce   0x080001ce   0x00000006   Code   RO         4196    .ARM.Collect$$rtexit$$00000004  c_w.l(rtexit2.o)
    0x080001d4   0x080001d4   0x00000040   Code   RO          997  * .text               startup_stm32f10x_hd.o
    0x08000214   0x08000214   0x00000002   Code   RO         3970    .text               c_w.l(use_no_semi_2.o)
    0x08000216   0x08000216   0x00000002   PAD
    0x08000218   0x08000218   0x00000018   Code   RO         3974    .text               c_w.l(noretval__2printf.o)
    0x08000230   0x08000230   0x0000004e   Code   RO         3978    .text               c_w.l(_printf_pad.o)
    0x0800027e   0x0800027e   0x00000002   PAD
    0x08000280   0x08000280   0x00000078   Code   RO         3980    .text               c_w.l(_printf_dec.o)
    0x080002f8   0x080002f8   0x0000010e   Code   RO         3990    .text               c_w.l(__printf_wp.o)
    0x08000406   0x08000406   0x0000003e   Code   RO         4004    .text               c_w.l(strlen.o)
    0x08000444   0x08000444   0x00000006   Code   RO         4006    .text               c_w.l(heapauxi.o)
    0x0800044a   0x0800044a   0x00000002   Code   RO         4080    .text               c_w.l(use_no_semi.o)
    0x0800044c   0x0800044c   0x00000016   Code   RO         4083    .text               c_w.l(_rserrno.o)
    0x08000462   0x08000462   0x000000b2   Code   RO         4085    .text               c_w.l(_printf_intcommon.o)
    0x08000514   0x08000514   0x00000024   Code   RO         4087    .text               c_w.l(_printf_char_file.o)
    0x08000538   0x08000538   0x00000008   Code   RO         4123    .text               c_w.l(rt_errno_addr_intlibspace.o)
    0x08000540   0x08000540   0x00000030   Code   RO         4125    .text               c_w.l(_printf_char_common.o)
    0x08000570   0x08000570   0x00000008   Code   RO         4127    .text               c_w.l(ferror.o)
    0x08000578   0x08000578   0x00000008   Code   RO         4131    .text               c_w.l(libspace.o)
    0x08000580   0x08000580   0x0000004a   Code   RO         4134    .text               c_w.l(sys_stackheap_outer.o)
    0x080005ca   0x080005ca   0x00000012   Code   RO         4138    .text               c_w.l(exit.o)
    0x080005dc   0x080005dc   0x00000004   Code   RO          156    i.BusFault_Handler  stm32f10x_it.o
    0x080005e0   0x080005e0   0x00000002   Code   RO          157    i.DebugMon_Handler  stm32f10x_it.o
    0x080005e2   0x080005e2   0x0000004c   Code   RO          743    i.EE                algorithm.o
    0x0800062e   0x0800062e   0x00000002   PAD
    0x08000630   0x08000630   0x00000028   Code   RO          840    i.EXTI4_IRQHandler  exti.o
    0x08000658   0x08000658   0x00000034   Code   RO          841    i.EXTI9_5_IRQHandler  exti.o
    0x0800068c   0x0800068c   0x00000080   Code   RO          842    i.EXTIX_Init        exti.o
    0x0800070c   0x0800070c   0x0000000c   Code   RO         1799    i.EXTI_ClearITPendingBit  stm32f10x_exti.o
    0x08000718   0x08000718   0x00000094   Code   RO         1804    i.EXTI_Init         stm32f10x_exti.o
    0x080007ac   0x080007ac   0x0000018c   Code   RO          744    i.FFT               algorithm.o
    0x08000938   0x08000938   0x00000040   Code   RO         2149    i.GPIO_EXTILineConfig  stm32f10x_gpio.o
    0x08000978   0x08000978   0x00000116   Code   RO         2152    i.GPIO_Init         stm32f10x_gpio.o
    0x08000a8e   0x08000a8e   0x00000002   PAD
    0x08000a90   0x08000a90   0x00000090   Code   RO         2154    i.GPIO_PinRemapConfig  stm32f10x_gpio.o
    0x08000b20   0x08000b20   0x00000012   Code   RO         2156    i.GPIO_ReadInputDataBit  stm32f10x_gpio.o
    0x08000b32   0x08000b32   0x00000004   Code   RO         2159    i.GPIO_ResetBits    stm32f10x_gpio.o
    0x08000b36   0x08000b36   0x00000004   Code   RO         2160    i.GPIO_SetBits      stm32f10x_gpio.o
    0x08000b3a   0x08000b3a   0x00000002   PAD
    0x08000b3c   0x08000b3c   0x00000120   Code   RO          366    i.GUI_DrawFont16    oled.o
    0x08000c5c   0x08000c5c   0x00000004   Code   RO          158    i.HardFault_Handler  stm32f10x_it.o
    0x08000c60   0x08000c60   0x0000006c   Code   RO          635    i.I2C_Ack           max30102.o
    0x08000ccc   0x08000ccc   0x00000010   Code   RO          636    i.IIC_Delay         max30102.o
    0x08000cdc   0x08000cdc   0x0000003c   Code   RO          637    i.IIC_Init          max30102.o
    0x08000d18   0x08000d18   0x00000084   Code   RO          638    i.IIC_Read_Array    max30102.o
    0x08000d9c   0x08000d9c   0x00000060   Code   RO          639    i.IIC_Read_Byte     max30102.o
    0x08000dfc   0x08000dfc   0x00000048   Code   RO          640    i.IIC_Receive_Byte  max30102.o
    0x08000e44   0x08000e44   0x000000a0   Code   RO          641    i.IIC_Send_Byte     max30102.o
    0x08000ee4   0x08000ee4   0x0000003c   Code   RO          642    i.IIC_Start         max30102.o
    0x08000f20   0x08000f20   0x00000030   Code   RO          643    i.IIC_Stop          max30102.o
    0x08000f50   0x08000f50   0x00000050   Code   RO          645    i.IIC_Write_Byte    max30102.o
    0x08000fa0   0x08000fa0   0x00000024   Code   RO          868    i.KEY_Init          key.o
    0x08000fc4   0x08000fc4   0x0000005c   Code   RO          279    i.LED_Init          led.o
    0x08001020   0x08001020   0x00000072   Code   RO          646    i.MAX30102_Config   max30102.o
    0x08001092   0x08001092   0x00000002   PAD
    0x08001094   0x08001094   0x00000024   Code   RO          647    i.MAX30102_GPIO     max30102.o
    0x080010b8   0x080010b8   0x00000038   Code   RO          648    i.MAX30102_init     max30102.o
    0x080010f0   0x080010f0   0x00000016   Code   RO          649    i.Max30102_reset    max30102.o
    0x08001106   0x08001106   0x00000004   Code   RO          159    i.MemManage_Handler  stm32f10x_it.o
    0x0800110a   0x0800110a   0x00000002   Code   RO          160    i.NMI_Handler       stm32f10x_it.o
    0x0800110c   0x0800110c   0x00000070   Code   RO         1001    i.NVIC_Init         misc.o
    0x0800117c   0x0800117c   0x00000014   Code   RO         1002    i.NVIC_PriorityGroupConfig  misc.o
    0x08001190   0x08001190   0x0000003e   Code   RO          368    i.OLED_Clear        oled.o
    0x080011ce   0x080011ce   0x00000002   PAD
    0x080011d0   0x080011d0   0x00000030   Code   RO          376    i.OLED_IIC_Start    oled.o
    0x08001200   0x08001200   0x00000028   Code   RO          377    i.OLED_IIC_Stop     oled.o
    0x08001228   0x08001228   0x0000001c   Code   RO          378    i.OLED_IIC_Wait_Ack  oled.o
    0x08001244   0x08001244   0x00000124   Code   RO          379    i.OLED_Init         oled.o
    0x08001368   0x08001368   0x00000028   Code   RO          387    i.OLED_Set_Pos      oled.o
    0x08001390   0x08001390   0x000000a4   Code   RO          389    i.OLED_ShowChar     oled.o
    0x08001434   0x08001434   0x00000088   Code   RO          390    i.OLED_ShowNumber   oled.o
    0x080014bc   0x080014bc   0x00000036   Code   RO          391    i.OLED_ShowString   oled.o
    0x080014f2   0x080014f2   0x00000018   Code   RO          393    i.OLED_WR_Byte      oled.o
    0x0800150a   0x0800150a   0x00000002   PAD
    0x0800150c   0x0800150c   0x0000005c   Code   RO          394    i.OLED_Write_IIC_Byte  oled.o
    0x08001568   0x08001568   0x0000002c   Code   RO          395    i.OLED_Write_IIC_Command  oled.o
    0x08001594   0x08001594   0x0000002c   Code   RO          396    i.OLED_Write_IIC_Data  oled.o
    0x080015c0   0x080015c0   0x00000002   Code   RO          161    i.PendSV_Handler    stm32f10x_it.o
    0x080015c2   0x080015c2   0x00000002   PAD
    0x080015c4   0x080015c4   0x00000020   Code   RO         2570    i.RCC_APB2PeriphClockCmd  stm32f10x_rcc.o
    0x080015e4   0x080015e4   0x000000d4   Code   RO         2578    i.RCC_GetClocksFreq  stm32f10x_rcc.o
    0x080016b8   0x080016b8   0x00000038   Code   RO          293    i.SMBus_Init        mlx90614.o
    0x080016f0   0x080016f0   0x00000002   Code   RO          162    i.SVC_Handler       stm32f10x_it.o
    0x080016f2   0x080016f2   0x00000008   Code   RO          245    i.SetSysClock       system_stm32f10x.o
    0x080016fa   0x080016fa   0x00000002   PAD
    0x080016fc   0x080016fc   0x000000e0   Code   RO          246    i.SetSysClockTo72   system_stm32f10x.o
    0x080017dc   0x080017dc   0x00000028   Code   RO         1005    i.SysTick_CLKSourceConfig  misc.o
    0x08001804   0x08001804   0x00000002   Code   RO          163    i.SysTick_Handler   stm32f10x_it.o
    0x08001806   0x08001806   0x00000002   PAD
    0x08001808   0x08001808   0x00000060   Code   RO          248    i.SystemInit        system_stm32f10x.o
    0x08001868   0x08001868   0x00000088   Code   RO          943    i.USART1_IRQHandler  usart.o
    0x080018f0   0x080018f0   0x00000018   Code   RO         3738    i.USART_Cmd         stm32f10x_usart.o
    0x08001908   0x08001908   0x00000054   Code   RO         3742    i.USART_GetITStatus  stm32f10x_usart.o
    0x0800195c   0x0800195c   0x0000004a   Code   RO         3744    i.USART_ITConfig    stm32f10x_usart.o
    0x080019a6   0x080019a6   0x00000002   PAD
    0x080019a8   0x080019a8   0x000000d8   Code   RO         3745    i.USART_Init        stm32f10x_usart.o
    0x08001a80   0x08001a80   0x0000000a   Code   RO         3752    i.USART_ReceiveData  stm32f10x_usart.o
    0x08001a8a   0x08001a8a   0x00000004   Code   RO          164    i.UsageFault_Handler  stm32f10x_it.o
    0x08001a8e   0x08001a8e   0x00000002   PAD
    0x08001a90   0x08001a90   0x00000028   Code   RO          745    i.XCos              algorithm.o
    0x08001ab8   0x08001ab8   0x00000210   Code   RO          746    i.XSin              algorithm.o
    0x08001cc8   0x08001cc8   0x0000000e   Code   RO         3992    i._is_digit         c_w.l(__printf_wp.o)
    0x08001cd6   0x08001cd6   0x00000004   Code   RO          944    i._sys_exit         usart.o
    0x08001cda   0x08001cda   0x00000002   PAD
    0x08001cdc   0x08001cdc   0x000001dc   Code   RO          811    i.blood_Loop        blood.o
    0x08001eb8   0x08001eb8   0x0000042c   Code   RO          812    i.blood_data_translate  blood.o
    0x080022e4   0x080022e4   0x00000090   Code   RO          813    i.blood_data_update  blood.o
    0x08002374   0x08002374   0x00000044   Code   RO          888    i.delay_init        delay.o
    0x080023b8   0x080023b8   0x0000004c   Code   RO          889    i.delay_ms          delay.o
    0x08002404   0x08002404   0x00000088   Code   RO          618    i.dispaly_1         user.o
    0x0800248c   0x0800248c   0x00000032   Code   RO          749    i.find_max_num_index  algorithm.o
    0x080024be   0x080024be   0x00000002   PAD
    0x080024c0   0x080024c0   0x0000001c   Code   RO          945    i.fputc             usart.o
    0x080024dc   0x080024dc   0x00000054   Code   RO            1    i.main              main.o
    0x08002530   0x08002530   0x000000cc   Code   RO          650    i.max30102_read_fifo  max30102.o
    0x080025fc   0x080025fc   0x0000004c   Code   RO          750    i.my_floor          algorithm.o
    0x08002648   0x08002648   0x00000098   Code   RO          751    i.my_fmod           algorithm.o
    0x080026e0   0x080026e0   0x00000016   Code   RO          400    i.oled_pow          oled.o
    0x080026f6   0x080026f6   0x0000002c   Code   RO         4073    i.sqrtf             m_ws.l(sqrtf.o)
    0x08002722   0x08002722   0x00000002   PAD
    0x08002724   0x08002724   0x000000a0   Code   RO          946    i.uart_init         usart.o
    0x080027c4   0x080027c4   0x00000062   Code   RO         4010    x$fpl$d2f           fz_ws.l(d2f.o)
    0x08002826   0x08002826   0x00000002   PAD
    0x08002828   0x08002828   0x00000150   Code   RO         4012    x$fpl$dadd          fz_ws.l(daddsub_clz.o)
    0x08002978   0x08002978   0x00000018   Code   RO         4090    x$fpl$dcmpinf       fz_ws.l(dcmpi.o)
    0x08002990   0x08002990   0x000002b0   Code   RO         4019    x$fpl$ddiv          fz_ws.l(ddiv.o)
    0x08002c40   0x08002c40   0x00000078   Code   RO         4022    x$fpl$deqf          fz_ws.l(deqf.o)
    0x08002cb8   0x08002cb8   0x0000005e   Code   RO         4024    x$fpl$dfix          fz_ws.l(dfix.o)
    0x08002d16   0x08002d16   0x0000002e   Code   RO         4033    x$fpl$dflt          fz_ws.l(dflt_clz.o)
    0x08002d44   0x08002d44   0x00000078   Code   RO         4038    x$fpl$dleqf         fz_ws.l(dleqf.o)
    0x08002dbc   0x08002dbc   0x00000154   Code   RO         4040    x$fpl$dmul          fz_ws.l(dmul.o)
    0x08002f10   0x08002f10   0x0000009c   Code   RO         4092    x$fpl$dnaninf       fz_ws.l(dnaninf.o)
    0x08002fac   0x08002fac   0x0000000c   Code   RO         4094    x$fpl$dretinf       fz_ws.l(dretinf.o)
    0x08002fb8   0x08002fb8   0x0000006c   Code   RO         4042    x$fpl$drleqf        fz_ws.l(drleqf.o)
    0x08003024   0x08003024   0x00000016   Code   RO         4013    x$fpl$drsb          fz_ws.l(daddsub_clz.o)
    0x0800303a   0x0800303a   0x00000002   PAD
    0x0800303c   0x0800303c   0x000001d4   Code   RO         4014    x$fpl$dsub          fz_ws.l(daddsub_clz.o)
    0x08003210   0x08003210   0x00000056   Code   RO         4044    x$fpl$f2d           fz_ws.l(f2d.o)
    0x08003266   0x08003266   0x00000002   PAD
    0x08003268   0x08003268   0x000000c4   Code   RO         4046    x$fpl$fadd          fz_ws.l(faddsub_clz.o)
    0x0800332c   0x0800332c   0x00000018   Code   RO         4096    x$fpl$fcmpinf       fz_ws.l(fcmpi.o)
    0x08003344   0x08003344   0x00000184   Code   RO         4053    x$fpl$fdiv          fz_ws.l(fdiv.o)
    0x080034c8   0x080034c8   0x00000036   Code   RO         4056    x$fpl$ffix          fz_ws.l(ffix.o)
    0x080034fe   0x080034fe   0x00000002   PAD
    0x08003500   0x08003500   0x00000030   Code   RO         4061    x$fpl$fflt          fz_ws.l(fflt_clz.o)
    0x08003530   0x08003530   0x00000026   Code   RO         4060    x$fpl$ffltu         fz_ws.l(fflt_clz.o)
    0x08003556   0x08003556   0x00000002   PAD
    0x08003558   0x08003558   0x00000068   Code   RO         4066    x$fpl$fleqf         fz_ws.l(fleqf.o)
    0x080035c0   0x080035c0   0x00000102   Code   RO         4068    x$fpl$fmul          fz_ws.l(fmul.o)
    0x080036c2   0x080036c2   0x0000008c   Code   RO         4098    x$fpl$fnaninf       fz_ws.l(fnaninf.o)
    0x0800374e   0x0800374e   0x0000000a   Code   RO         4100    x$fpl$fretinf       fz_ws.l(fretinf.o)
    0x08003758   0x08003758   0x00000062   Code   RO         4070    x$fpl$frleqf        fz_ws.l(frleqf.o)
    0x080037ba   0x080037ba   0x00000002   PAD
    0x080037bc   0x080037bc   0x00000110   Code   RO         4102    x$fpl$fsqrt         fz_ws.l(fsqrt.o)
    0x080038cc   0x080038cc   0x000000ea   Code   RO         4048    x$fpl$fsub          fz_ws.l(faddsub_clz.o)
    0x080039b6   0x080039b6   0x00000000   Code   RO         4104    x$fpl$usenofp       fz_ws.l(usenofp.o)
    0x080039b6   0x080039b6   0x00000c3e   Data   RO          403    .constdata          oled.o
    0x080045f4   0x080045f4   0x00000004   PAD
    0x080045f8   0x080045f8   0x00000328   Data   RO          753    .constdata          algorithm.o
    0x08004920   0x08004920   0x00000020   Data   RO         4266    Region$$Table       anon$$obj.o


    Execution Region ER_RW (Exec base: 0x20000000, Load base: 0x08004940, Size: 0x00000054, Max: 0xffffffff, ABSOLUTE)

    Exec Addr    Load Addr    Size         Type   Attr      Idx    E Section Name        Object

    0x20000000   0x08004940   0x00000014   Data   RW          249    .data               system_stm32f10x.o
    0x20000014   0x08004954   0x00000006   Data   RW          651    .data               max30102.o
    0x2000001a   0x0800495a   0x00000002   PAD
    0x2000001c   0x0800495c   0x00000014   Data   RW          815    .data               blood.o
    0x20000030   0x08004970   0x00000001   Data   RW          843    .data               exti.o
    0x20000031   0x08004971   0x00000001   PAD
    0x20000032   0x08004972   0x00000004   Data   RW          891    .data               delay.o
    0x20000036   0x08004976   0x00000002   PAD
    0x20000038   0x08004978   0x00000006   Data   RW          948    .data               usart.o
    0x2000003e   0x0800497e   0x00000014   Data   RW         2598    .data               stm32f10x_rcc.o


    Execution Region ER_ZI (Exec base: 0x20000054, Load base: 0x08004994, Size: 0x0000282c, Max: 0xffffffff, ABSOLUTE)

    Exec Addr    Load Addr    Size         Type   Attr      Idx    E Section Name        Object

    0x20000054        -       0x00002100   Zero   RW          814    .bss                blood.o
    0x20002154        -       0x000000c8   Zero   RW          947    .bss                usart.o
    0x2000221c        -       0x00000060   Zero   RW         4132    .bss                c_w.l(libspace.o)
    0x2000227c   0x08004994   0x00000004   PAD
    0x20002280        -       0x00000200   Zero   RW          995    HEAP                startup_stm32f10x_hd.o
    0x20002480        -       0x00000400   Zero   RW          994    STACK               startup_stm32f10x_hd.o


==============================================================================

Image component sizes


      Code (inc. data)   RO Data    RW Data    ZI Data      Debug   Object Name

      1318         60        808          0          0       6399   algorithm.o
      1688        284          0         20       8448       3431   blood.o
       144         22          0          4          0       1436   delay.o
       220         22          0          1          0       2102   exti.o
        36          4          0          0          0        563   key.o
        92          8          0          0          0        587   led.o
        84          6          0          0          0     235431   main.o
      1264         66          0          6          0      10728   max30102.o
       172         22          0          0          0       2369   misc.o
        56          6          0          0          0        597   mlx90614.o
      1378         42       3134          0          0      12143   oled.o
        64         26        304          0       1536        852   startup_stm32f10x_hd.o
       160         12          0          0          0       1737   stm32f10x_exti.o
       512         10          0          0          0       5656   stm32f10x_gpio.o
        26          0          0          0          0       4406   stm32f10x_it.o
       244         26          0         20          0       4181   stm32f10x_rcc.o
       408          6          0          0          0       5462   stm32f10x_usart.o
         0          0          0          0          0         32   sys.o
       328         28          0         20          0       2477   system_stm32f10x.o
       328         26          0          6        200       4588   usart.o
       136         36          0          0          0        556   user.o

    ----------------------------------------------------------------------
      8684        712       4282         84      10184     305733   Object Totals
         0          0         32          0          0          0   (incl. Generated)
        26          0          4          7          0          0   (incl. Padding)

    ----------------------------------------------------------------------

      Code (inc. data)   RO Data    RW Data    ZI Data      Debug   Library Member Name

         8          0          0          0          0         68   __main.o
       284          0          0          0          0        156   __printf_wp.o
         0          0          0          0          0          0   __rtentry.o
        12          0          0          0          0          0   __rtentry2.o
         6          0          0          0          0          0   __rtentry4.o
        52          8          0          0          0          0   __scatter.o
        26          0          0          0          0          0   __scatter_copy.o
        28          0          0          0          0          0   __scatter_zi.o
        48          6          0          0          0         96   _printf_char_common.o
        36          4          0          0          0         80   _printf_char_file.o
         6          0          0          0          0          0   _printf_d.o
       120         16          0          0          0         92   _printf_dec.o
       178          0          0          0          0         88   _printf_intcommon.o
        78          0          0          0          0        108   _printf_pad.o
         0          0          0          0          0          0   _printf_percent.o
         4          0          0          0          0          0   _printf_percent_end.o
        22          0          0          0          0        100   _rserrno.o
        18          0          0          0          0         80   exit.o
         8          0          0          0          0         68   ferror.o
         6          0          0          0          0        152   heapauxi.o
         2          0          0          0          0          0   libinit.o
         2          0          0          0          0          0   libinit2.o
         2          0          0          0          0          0   libshutdown.o
         2          0          0          0          0          0   libshutdown2.o
         8          4          0          0         96         68   libspace.o
        24          4          0          0          0         84   noretval__2printf.o
         8          4          0          0          0         68   rt_errno_addr_intlibspace.o
         2          0          0          0          0          0   rtexit.o
        10          0          0          0          0          0   rtexit2.o
        62          0          0          0          0         76   strlen.o
        74          0          0          0          0         80   sys_stackheap_outer.o
         2          0          0          0          0         68   use_no_semi.o
         2          0          0          0          0         68   use_no_semi_2.o
        98          4          0          0          0         92   d2f.o
       826         16          0          0          0        348   daddsub_clz.o
        24          0          0          0          0         68   dcmpi.o
       688        140          0          0          0        208   ddiv.o
       120          4          0          0          0         92   deqf.o
        94          4          0          0          0         92   dfix.o
        46          0          0          0          0         68   dflt_clz.o
       120          4          0          0          0         92   dleqf.o
       340         12          0          0          0        104   dmul.o
       156          4          0          0          0         92   dnaninf.o
        12          0          0          0          0         68   dretinf.o
       108          0          0          0          0         80   drleqf.o
        86          4          0          0          0         84   f2d.o
       430          8          0          0          0        168   faddsub_clz.o
        24          0          0          0          0         68   fcmpi.o
       388         76          0          0          0         96   fdiv.o
        54          4          0          0          0         84   ffix.o
        86          0          0          0          0        136   fflt_clz.o
       104          4          0          0          0         84   fleqf.o
       258          4          0          0          0         84   fmul.o
       140          4          0          0          0         84   fnaninf.o
        10          0          0          0          0         68   fretinf.o
        98          0          0          0          0         68   frleqf.o
       272        100          0          0          0         88   fsqrt.o
         0          0          0          0          0          0   usenofp.o
        44          0          0          0          0         80   sqrtf.o

    ----------------------------------------------------------------------
      5786        438          0          0        100       4196   Library Totals
        20          0          0          0          4          0   (incl. Padding)

    ----------------------------------------------------------------------

      Code (inc. data)   RO Data    RW Data    ZI Data      Debug   Library Name

      1140         46          0          0         96       1600   c_w.l
      4582        392          0          0          0       2516   fz_ws.l
        44          0          0          0          0         80   m_ws.l

    ----------------------------------------------------------------------
      5786        438          0          0        100       4196   Library Totals

    ----------------------------------------------------------------------

==============================================================================


      Code (inc. data)   RO Data    RW Data    ZI Data      Debug   

     14470       1150       4282         84      10284     303529   Grand Totals
     14470       1150       4282         84      10284     303529   ELF Image Totals
     14470       1150       4282         84          0          0   ROM Totals

==============================================================================

    Total RO  Size (Code + RO Data)                18752 (  18.31kB)
    Total RW  Size (RW Data + ZI Data)             10368 (  10.13kB)
    Total ROM Size (Code + RO Data + RW Data)      18836 (  18.39kB)

==============================================================================

