<html>
<body>
<pre>
<h1>礦ision Build Log</h1>
<h2>Tool Versions:</h2>
IDE-Version: μVision V5.28.0.0
Copyright (C) 2019 ARM Ltd and ARM Germany GmbH. All rights reserved.
License Information: 0 8617863989074, 0, LIC=9WSKC-7VSU4-8TN3P-MT2FP-69JMK-VEGBB
 
Tool Versions:
Toolchain:       MDK-ARM Plus  Version: 5.28.0.0
Toolchain Path:  D:\0000\keil5\ARM\ARMCC\Bin
C Compiler:      Armcc.exe V5.06 update 6 (build 750)
Assembler:       Armasm.exe V5.06 update 6 (build 750)
Linker/Locator:  ArmLink.exe V5.06 update 6 (build 750)
Library Manager: ArmAr.exe V5.06 update 6 (build 750)
Hex Converter:   FromElf.exe V5.06 update 6 (build 750)
CPU DLL:         SARMCM3.DLL V5.28.0.0
Dialog DLL:      DCM.DLL V1.17.3.0
Target DLL:      STLink\ST-LINKIII-KEIL_SWO.dll V3.0.6.0
Dialog DLL:      TCM.DLL V1.36.2.0
 
<h2>Project:</h2>
C:\Users\86178\Desktop\新\2023.12月中\基于STM32单片机心率血氧温度显示850\多功能测试仪\2-源程序\血氧心率设计\USER\Template.uvprojx
Project File Date:  12/20/2023

<h2>Output:</h2>
*** Using Compiler 'V5.06 update 6 (build 750)', folder: 'D:\0000\keil5\ARM\ARMCC\Bin'
Rebuild target 'Template'
compiling blood.c...
..\HARDWARE\MAX30102\blood.c(56): warning:  #550-D: variable "s1_max_index"  was set but never used
  	int s1_max_index=0;
..\HARDWARE\MAX30102\blood.c: 1 warning, 0 errors
compiling exti.c...
compiling led.c...
compiling algorithm.c...
compiling user.c...
compiling max30102.c...
compiling stm32f10x_it.c...
compiling mlx90614.c...
compiling system_stm32f10x.c...
compiling key.c...
compiling main.c...
compiling delay.c...
compiling oled.c...
..\HARDWARE\OLED\oled.c(398): warning:  #167-D: argument of type "u8 *" is incompatible with parameter of type "const char *"
  	Strnum=strlen(s)/2;	
..\HARDWARE\OLED\oled.c: 1 warning, 0 errors
assembling startup_stm32f10x_hd.s...
compiling usart.c...
compiling sys.c...
compiling core_cm3.c...
compiling misc.c...
compiling stm32f10x_bkp.c...
compiling stm32f10x_adc.c...
compiling stm32f10x_cec.c...
compiling stm32f10x_can.c...
compiling stm32f10x_crc.c...
compiling stm32f10x_dac.c...
compiling stm32f10x_dbgmcu.c...
compiling stm32f10x_exti.c...
compiling stm32f10x_dma.c...
compiling stm32f10x_flash.c...
compiling stm32f10x_gpio.c...
compiling stm32f10x_fsmc.c...
compiling stm32f10x_i2c.c...
compiling stm32f10x_iwdg.c...
compiling stm32f10x_pwr.c...
compiling stm32f10x_rtc.c...
compiling stm32f10x_sdio.c...
compiling stm32f10x_spi.c...
compiling stm32f10x_rcc.c...
compiling stm32f10x_wwdg.c...
compiling stm32f10x_usart.c...
compiling stm32f10x_tim.c...
linking...
Program Size: Code=14470 RO-data=4282 RW-data=84 ZI-data=10284  
FromELF: creating hex file...
"..\OBJ\Template.axf" - 0 Error(s), 2 Warning(s).

<h2>Software Packages used:</h2>

Package Vendor: Keil
                http://www.keil.com/pack/Keil.STM32F1xx_DFP.1.0.4.pack
                Keil.STM32F1xx_DFP.1.0.4
                STMicroelectronics STM32F1 Series Device Support, Drivers and Examples

<h2>Collection of Component include folders:</h2>
  .\RTE\_Template
  D:\0000\keil5\Keil\STM32F1xx_DFP\1.0.4\Device\Include

<h2>Collection of Component Files used:</h2>
Build Time Elapsed:  00:00:02
</pre>
</body>
</html>
